{
  "status": "complete",
  "seed": 2,
  "sample_counts": {
    "train": 24000,
    "validation": 3200
  },
  "metrics": {
    "train": {
      "accuracy": 0.31866666666666665,
      "macro_f1": 0.3139267267567594,
      "confusion_matrix": [
        [
          1063,
          39,
          9,
          0,
          27,
          4,
          10,
          0,
          1,
          0,
          4,
          2,
          0,
          0,
          0,
          0,
          1,
          0,
          3,
          37
        ],
        [
          259,
          311,
          37,
          97,
          355,
          31,
          25,
          16,
          37,
          2,
          13,
          6,
          2,
          3,
          0,
          0,
          0,
          0,
          5,
          1
        ],
        [
          144,
          242,
          129,
          89,
          407,
          47,
          30,
          17,
          55,
          7,
          11,
          11,
          1,
          0,
          0,
          0,
          0,
          0,
          0,
          10
        ],
        [
          140,
          197,
          21,
          181,
          432,
          93,
          29,
          27,
          47,
          5,
          22,
          1,
          0,
          0,
          0,
          0,
          0,
          1,
          1,
          3
        ],
        [
          78,
          147,
          16,
          70,
          549,
          82,
          43,
          22,
          111,
          15,
          25,
          10,
          3,
          0,
          1,
          0,
          0,
          0,
          2,
          26
        ],
        [
          29,
          208,
          7,
          91,
          427,
          246,
          42,
          55,
          47,
          8,
          19,
          8,
          2,
          3,
          1,
          0,
          1,
          1,
          2,
          3
        ],
        [
          13,
          139,
          2,
          128,
          387,
          77,
          151,
          78,
          132,
          19,
          30,
          19,
          2,
          8,
          6,
          0,
          0,
          3,
          2,
          4
        ],
        [
          9,
          150,
          3,
          145,
          364,
          45,
          36,
          155,
          160,
          44,
          48,
          32,
          0,
          0,
          5,
          0,
          1,
          1,
          0,
          2
        ],
        [
          8,
          32,
          4,
          61,
          401,
          58,
          11,
          57,
          383,
          69,
          36,
          61,
          2,
          1,
          2,
          0,
          0,
          5,
          0,
          9
        ],
        [
          1,
          2,
          0,
          45,
          344,
          57,
          5,
          27,
          184,
          215,
          60,
          226,
          11,
          9,
          7,
          2,
          0,
          3,
          0,
          2
        ],
        [
          0,
          2,
          0,
          38,
          239,
          50,
          1,
          58,
          171,
          51,
          192,
          330,
          31,
          23,
          4,
          1,
          4,
          3,
          0,
          2
        ],
        [
          21,
          0,
          1,
          1,
          164,
          34,
          0,
          13,
          198,
          29,
          64,
          507,
          63,
          53,
          38,
          2,
          2,
          9,
          0,
          1
        ],
        [
          2,
          0,
          0,
          4,
          60,
          18,
          0,
          17,
          120,
          10,
          102,
          497,
          117,
          132,
          71,
          20,
          9,
          7,
          1,
          13
        ],
        [
          0,
          0,
          0,
          0,
          27,
          51,
          1,
          2,
          154,
          7,
          52,
          519,
          14,
          135,
          185,
          22,
          14,
          5,
          0,
          12
        ],
        [
          0,
          0,
          0,
          1,
          9,
          9,
          0,
          9,
          150,
          2,
          45,
          441,
          9,
          15,
          288,
          62,
          36,
          74,
          0,
          50
        ],
        [
          0,
          0,
          0,
          0,
          16,
          4,
          0,
          5,
          66,
          0,
          22,
          429,
          35,
          45,
          141,
          196,
          48,
          143,
          1,
          49
        ],
        [
          0,
          0,
          0,
          0,
          9,
          7,
          0,
          0,
          42,
          1,
          25,
          370,
          11,
          33,
          109,
          61,
          260,
          245,
          0,
          27
        ],
        [
          0,
          0,
          0,
          0,
          34,
          3,
          0,
          5,
          31,
          0,
          37,
          197,
          6,
          60,
          60,
          22,
          52,
          628,
          1,
          64
        ],
        [
          3,
          4,
          0,
          0,
          1,
          0,
          1,
          0,
          1,
          0,
          8,
          0,
          1,
          1,
          5,
          0,
          1,
          4,
          1165,
          5
        ],
        [
          1,
          0,
          0,
          1,
          22,
          16,
          0,
          32,
          13,
          0,
          23,
          142,
          4,
          30,
          18,
          2,
          4,
          107,
          8,
          777
        ]
      ],
      "per_class": {
        "0": {
          "precision": 0.6002258610954263,
          "recall": 0.8858333333333334,
          "f1-score": 0.7155839784584315,
          "support": 1200.0
        },
        "1": {
          "precision": 0.2111337406653089,
          "recall": 0.25916666666666666,
          "f1-score": 0.23269734380845492,
          "support": 1200.0
        },
        "2": {
          "precision": 0.5633187772925764,
          "recall": 0.1075,
          "f1-score": 0.18054583624912526,
          "support": 1200.0
        },
        "3": {
          "precision": 0.19012605042016806,
          "recall": 0.15083333333333335,
          "f1-score": 0.16821561338289961,
          "support": 1200.0
        },
        "4": {
          "precision": 0.128451099672438,
          "recall": 0.4575,
          "f1-score": 0.20058458165875045,
          "support": 1200.0
        },
        "5": {
          "precision": 0.26394849785407726,
          "recall": 0.205,
          "f1-score": 0.23076923076923078,
          "support": 1200.0
        },
        "6": {
          "precision": 0.3922077922077922,
          "recall": 0.12583333333333332,
          "f1-score": 0.19053627760252365,
          "support": 1200.0
        },
        "7": {
          "precision": 0.2605042016806723,
          "recall": 0.12916666666666668,
          "f1-score": 0.17270194986072424,
          "support": 1200.0
        },
        "8": {
          "precision": 0.1821207798383262,
          "recall": 0.31916666666666665,
          "f1-score": 0.23191038449894036,
          "support": 1200.0
        },
        "9": {
          "precision": 0.44421487603305787,
          "recall": 0.17916666666666667,
          "f1-score": 0.25534441805225655,
          "support": 1200.0
        },
        "10": {
          "precision": 0.22911694510739858,
          "recall": 0.16,
          "f1-score": 0.18842001962708538,
          "support": 1200.0
        },
        "11": {
          "precision": 0.133140756302521,
          "recall": 0.4225,
          "f1-score": 0.20247603833865815,
          "support": 1200.0
        },
        "12": {
          "precision": 0.37261146496815284,
          "recall": 0.0975,
          "f1-score": 0.154557463672391,
          "support": 1200.0
        },
        "13": {
          "precision": 0.24500907441016334,
          "recall": 0.1125,
          "f1-score": 0.15419760137064534,
          "support": 1200.0
        },
        "14": {
          "precision": 0.30605738575983,
          "recall": 0.24,
          "f1-score": 0.2690331620737973,
          "support": 1200.0
        },
        "15": {
          "precision": 0.5025641025641026,
          "recall": 0.16333333333333333,
          "f1-score": 0.24654088050314465,
          "support": 1200.0
        },
        "16": {
          "precision": 0.6004618937644342,
          "recall": 0.21666666666666667,
          "f1-score": 0.31843233312921004,
          "support": 1200.0
        },
        "17": {
          "precision": 0.5068603712671509,
          "recall": 0.5233333333333333,
          "f1-score": 0.5149651496514965,
          "support": 1200.0
        },
        "18": {
          "precision": 0.9781696053736356,
          "recall": 0.9708333333333333,
          "f1-score": 0.9744876620660812,
          "support": 1200.0
        },
        "19": {
          "precision": 0.7082953509571559,
          "recall": 0.6475,
          "f1-score": 0.6765346103613409,
          "support": 1200.0
        }
      }
    },
    "validation": {
      "accuracy": 0.4796875,
      "macro_f1": 0.4801996138707484,
      "confusion_matrix": [
        [
          126,
          14,
          6,
          1,
          4,
          1,
          5,
          1,
          0,
          0,
          2,
          0,
          0,
          0,
          0,
          0,
          0,
          0,
          0,
          0
        ],
        [
          0,
          68,
          19,
          16,
          20,
          9,
          9,
          6,
          5,
          1,
          5,
          1,
          0,
          0,
          0,
          0,
          0,
          0,
          1,
          0
        ],
        [
          0,
          24,
          30,
          35,
          18,
          15,
          15,
          6,
          7,
          2,
          7,
          1,
          0,
          0,
          0,
          0,
          0,
          0,
          0,
          0
        ],
        [
          0,
          3,
          6,
          63,
          27,
          22,
          14,
          10,
          7,
          2,
          6,
          0,
          0,
          0,
          0,
          0,
          0,
          0,
          0,
          0
        ],
        [
          0,
          2,
          3,
          3,
          53,
          27,
          21,
          14,
          23,
          5,
          5,
          1,
          0,
          0,
          0,
          0,
          1,
          1,
          0,
          1
        ],
        [
          0,
          0,
          0,
          1,
          9,
          80,
          15,
          31,
          7,
          6,
          4,
          4,
          1,
          0,
          0,
          1,
          0,
          1,
          0,
          0
        ],
        [
          0,
          0,
          3,
          0,
          4,
          9,
          57,
          32,
          28,
          12,
          12,
          2,
          0,
          0,
          1,
          0,
          0,
          0,
          0,
          0
        ],
        [
          0,
          0,
          1,
          1,
          8,
          3,
          15,
          52,
          35,
          27,
          9,
          7,
          1,
          0,
          1,
          0,
          0,
          0,
          0,
          0
        ],
        [
          0,
          0,
          1,
          0,
          2,
          1,
          3,
          12,
          90,
          28,
          12,
          10,
          0,
          0,
          1,
          0,
          0,
          0,
          0,
          0
        ],
        [
          0,
          0,
          0,
          0,
          1,
          3,
          4,
          2,
          18,
          89,
          6,
          25,
          7,
          3,
          1,
          0,
          1,
          0,
          0,
          0
        ],
        [
          0,
          0,
          0,
          0,
          1,
          0,
          0,
          0,
          21,
          20,
          53,
          45,
          13,
          6,
          0,
          0,
          1,
          0,
          0,
          0
        ],
        [
          0,
          0,
          0,
          0,
          0,
          0,
          0,
          0,
          9,
          10,
          9,
          66,
          22,
          34,
          9,
          0,
          1,
          0,
          0,
          0
        ],
        [
          0,
          0,
          0,
          0,
          0,
          2,
          0,
          0,
          4,
          4,
          3,
          7,
          50,
          46,
          32,
          7,
          4,
          1,
          0,
          0
        ],
        [
          0,
          0,
          0,
          0,
          0,
          0,
          0,
          0,
          0,
          4,
          3,
          6,
          2,
          54,
          72,
          7,
          8,
          4,
          0,
          0
        ],
        [
          0,
          0,
          0,
          0,
          0,
          1,
          0,
          0,
          0,
          1,
          1,
          2,
          5,
          7,
          110,
          21,
          12,
          0,
          0,
          0
        ],
        [
          0,
          0,
          0,
          0,
          0,
          0,
          0,
          0,
          0,
          0,
          0,
          1,
          0,
          1,
          40,
          80,
          14,
          16,
          0,
          8
        ],
        [
          0,
          0,
          0,
          0,
          0,
          0,
          0,
          0,
          1,
          0,
          1,
          3,
          3,
          1,
          24,
          24,
          71,
          31,
          0,
          1
        ],
        [
          0,
          0,
          0,
          0,
          0,
          0,
          0,
          0,
          0,
          0,
          0,
          0,
          1,
          0,
          14,
          16,
          8,
          97,
          2,
          22
        ],
        [
          4,
          3,
          0,
          1,
          1,
          0,
          0,
          0,
          1,
          0,
          5,
          0,
          0,
          0,
          4,
          2,
          0,
          7,
          132,
          0
        ],
        [
          0,
          1,
          0,
          0,
          0,
          0,
          0,
          0,
          1,
          0,
          0,
          0,
          0,
          0,
          10,
          0,
          0,
          32,
          2,
          114
        ]
      ],
      "per_class": {
        "0": {
          "precision": 0.9692307692307692,
          "recall": 0.7875,
          "f1-score": 0.8689655172413793,
          "support": 160.0
        },
        "1": {
          "precision": 0.591304347826087,
          "recall": 0.425,
          "f1-score": 0.49454545454545457,
          "support": 160.0
        },
        "2": {
          "precision": 0.43478260869565216,
          "recall": 0.1875,
          "f1-score": 0.26200873362445415,
          "support": 160.0
        },
        "3": {
          "precision": 0.5206611570247934,
          "recall": 0.39375,
          "f1-score": 0.4483985765124555,
          "support": 160.0
        },
        "4": {
          "precision": 0.3581081081081081,
          "recall": 0.33125,
          "f1-score": 0.34415584415584416,
          "support": 160.0
        },
        "5": {
          "precision": 0.4624277456647399,
          "recall": 0.5,
          "f1-score": 0.4804804804804805,
          "support": 160.0
        },
        "6": {
          "precision": 0.36075949367088606,
          "recall": 0.35625,
          "f1-score": 0.3584905660377358,
          "support": 160.0
        },
        "7": {
          "precision": 0.3132530120481928,
          "recall": 0.325,
          "f1-score": 0.31901840490797545,
          "support": 160.0
        },
        "8": {
          "precision": 0.35019455252918286,
          "recall": 0.5625,
          "f1-score": 0.4316546762589928,
          "support": 160.0
        },
        "9": {
          "precision": 0.4218009478672986,
          "recall": 0.55625,
          "f1-score": 0.4797843665768194,
          "support": 160.0
        },
        "10": {
          "precision": 0.3706293706293706,
          "recall": 0.33125,
          "f1-score": 0.34983498349834985,
          "support": 160.0
        },
        "11": {
          "precision": 0.36464088397790057,
          "recall": 0.4125,
          "f1-score": 0.3870967741935484,
          "support": 160.0
        },
        "12": {
          "precision": 0.47619047619047616,
          "recall": 0.3125,
          "f1-score": 0.37735849056603776,
          "support": 160.0
        },
        "13": {
          "precision": 0.35526315789473684,
          "recall": 0.3375,
          "f1-score": 0.34615384615384615,
          "support": 160.0
        },
        "14": {
          "precision": 0.3448275862068966,
          "recall": 0.6875,
          "f1-score": 0.4592901878914405,
          "support": 160.0
        },
        "15": {
          "precision": 0.5063291139240507,
          "recall": 0.5,
          "f1-score": 0.5031446540880503,
          "support": 160.0
        },
        "16": {
          "precision": 0.5867768595041323,
          "recall": 0.44375,
          "f1-score": 0.505338078291815,
          "support": 160.0
        },
        "17": {
          "precision": 0.5105263157894737,
          "recall": 0.60625,
          "f1-score": 0.5542857142857143,
          "support": 160.0
        },
        "18": {
          "precision": 0.9635036496350365,
          "recall": 0.825,
          "f1-score": 0.8888888888888888,
          "support": 160.0
        },
        "19": {
          "precision": 0.7808219178082192,
          "recall": 0.7125,
          "f1-score": 0.7450980392156863,
          "support": 160.0
        }
      }
    }
  },
  "calibration": {
    "sample_count": 24000,
    "batch_count": 188,
    "last_batch_size": 64,
    "changed_buffers": [
      "final.0.num_batches_tracked",
      "final.0.running_mean",
      "final.0.running_var",
      "stages.0.0.main.1.num_batches_tracked",
      "stages.0.0.main.1.running_mean",
      "stages.0.0.main.1.running_var",
      "stages.0.0.main.4.num_batches_tracked",
      "stages.0.0.main.4.running_mean",
      "stages.0.0.main.4.running_var",
      "stages.0.1.main.0.num_batches_tracked",
      "stages.0.1.main.0.running_mean",
      "stages.0.1.main.0.running_var",
      "stages.0.1.main.3.num_batches_tracked",
      "stages.0.1.main.3.running_mean",
      "stages.0.1.main.3.running_var",
      "stages.0.1.main.6.num_batches_tracked",
      "stages.0.1.main.6.running_mean",
      "stages.0.1.main.6.running_var",
      "stages.0.2.main.0.num_batches_tracked",
      "stages.0.2.main.0.running_mean",
      "stages.0.2.main.0.running_var",
      "stages.0.2.main.3.num_batches_tracked",
      "stages.0.2.main.3.running_mean",
      "stages.0.2.main.3.running_var",
      "stages.0.2.main.6.num_batches_tracked",
      "stages.0.2.main.6.running_mean",
      "stages.0.2.main.6.running_var",
      "stages.1.0.main.0.num_batches_tracked",
      "stages.1.0.main.0.running_mean",
      "stages.1.0.main.0.running_var",
      "stages.1.0.main.3.num_batches_tracked",
      "stages.1.0.main.3.running_mean",
      "stages.1.0.main.3.running_var",
      "stages.1.0.main.6.num_batches_tracked",
      "stages.1.0.main.6.running_mean",
      "stages.1.0.main.6.running_var",
      "stages.1.1.main.0.num_batches_tracked",
      "stages.1.1.main.0.running_mean",
      "stages.1.1.main.0.running_var",
      "stages.1.1.main.3.num_batches_tracked",
      "stages.1.1.main.3.running_mean",
      "stages.1.1.main.3.running_var",
      "stages.1.1.main.6.num_batches_tracked",
      "stages.1.1.main.6.running_mean",
      "stages.1.1.main.6.running_var",
      "stages.1.2.main.0.num_batches_tracked",
      "stages.1.2.main.0.running_mean",
      "stages.1.2.main.0.running_var",
      "stages.1.2.main.3.num_batches_tracked",
      "stages.1.2.main.3.running_mean",
      "stages.1.2.main.3.running_var",
      "stages.1.2.main.6.num_batches_tracked",
      "stages.1.2.main.6.running_mean",
      "stages.1.2.main.6.running_var",
      "stages.2.0.main.0.num_batches_tracked",
      "stages.2.0.main.0.running_mean",
      "stages.2.0.main.0.running_var",
      "stages.2.0.main.3.num_batches_tracked",
      "stages.2.0.main.3.running_mean",
      "stages.2.0.main.3.running_var",
      "stages.2.0.main.6.num_batches_tracked",
      "stages.2.0.main.6.running_mean",
      "stages.2.0.main.6.running_var",
      "stages.2.1.main.0.num_batches_tracked",
      "stages.2.1.main.0.running_mean",
      "stages.2.1.main.0.running_var",
      "stages.2.1.main.3.num_batches_tracked",
      "stages.2.1.main.3.running_mean",
      "stages.2.1.main.3.running_var",
      "stages.2.1.main.6.num_batches_tracked",
      "stages.2.1.main.6.running_mean",
      "stages.2.1.main.6.running_var",
      "stages.2.2.main.0.num_batches_tracked",
      "stages.2.2.main.0.running_mean",
      "stages.2.2.main.0.running_var",
      "stages.2.2.main.3.num_batches_tracked",
      "stages.2.2.main.3.running_mean",
      "stages.2.2.main.3.running_var",
      "stages.2.2.main.6.num_batches_tracked",
      "stages.2.2.main.6.running_mean",
      "stages.2.2.main.6.running_var",
      "stages.3.0.main.0.num_batches_tracked",
      "stages.3.0.main.0.running_mean",
      "stages.3.0.main.0.running_var",
      "stages.3.0.main.3.num_batches_tracked",
      "stages.3.0.main.3.running_mean",
      "stages.3.0.main.3.running_var",
      "stages.3.0.main.6.num_batches_tracked",
      "stages.3.0.main.6.running_mean",
      "stages.3.0.main.6.running_var",
      "stages.3.1.main.0.num_batches_tracked",
      "stages.3.1.main.0.running_mean",
      "stages.3.1.main.0.running_var",
      "stages.3.1.main.3.num_batches_tracked",
      "stages.3.1.main.3.running_mean",
      "stages.3.1.main.3.running_var",
      "stages.3.1.main.6.num_batches_tracked",
      "stages.3.1.main.6.running_mean",
      "stages.3.1.main.6.running_var",
      "stages.3.2.main.0.num_batches_tracked",
      "stages.3.2.main.0.running_mean",
      "stages.3.2.main.0.running_var",
      "stages.3.2.main.3.num_batches_tracked",
      "stages.3.2.main.3.running_mean",
      "stages.3.2.main.3.running_var",
      "stages.3.2.main.6.num_batches_tracked",
      "stages.3.2.main.6.running_mean",
      "stages.3.2.main.6.running_var",
      "stem.1.num_batches_tracked",
      "stem.1.running_mean",
      "stem.1.running_var"
    ],
    "parameters_unchanged": true,
    "original_state_unchanged": true
  },
  "elapsed_seconds": 12.25467190699419
}
