{
  "status": "complete",
  "seed": 1,
  "sample_counts": {
    "train": 24000,
    "validation": 3200
  },
  "metrics": {
    "train": {
      "accuracy": 0.391625,
      "macro_f1": 0.39199723445279566,
      "confusion_matrix": [
        [
          1190,
          1,
          0,
          1,
          0,
          1,
          0,
          0,
          1,
          0,
          0,
          1,
          0,
          0,
          0,
          0,
          0,
          0,
          5,
          0
        ],
        [
          469,
          381,
          78,
          93,
          115,
          14,
          3,
          3,
          4,
          2,
          33,
          3,
          1,
          1,
          0,
          0,
          0,
          0,
          0,
          0
        ],
        [
          422,
          170,
          340,
          78,
          133,
          20,
          5,
          1,
          6,
          0,
          17,
          4,
          0,
          0,
          0,
          0,
          0,
          0,
          4,
          0
        ],
        [
          382,
          145,
          18,
          410,
          142,
          28,
          20,
          8,
          19,
          2,
          13,
          4,
          1,
          0,
          0,
          0,
          0,
          0,
          8,
          0
        ],
        [
          247,
          165,
          20,
          105,
          465,
          35,
          18,
          25,
          46,
          8,
          33,
          1,
          4,
          0,
          0,
          0,
          1,
          0,
          20,
          7
        ],
        [
          128,
          193,
          18,
          148,
          203,
          341,
          33,
          67,
          21,
          1,
          35,
          5,
          1,
          2,
          0,
          0,
          1,
          0,
          3,
          0
        ],
        [
          77,
          150,
          28,
          169,
          244,
          61,
          260,
          107,
          46,
          2,
          24,
          16,
          5,
          1,
          2,
          0,
          1,
          3,
          1,
          3
        ],
        [
          69,
          141,
          10,
          194,
          160,
          59,
          21,
          353,
          88,
          15,
          74,
          9,
          1,
          0,
          0,
          1,
          0,
          1,
          4,
          0
        ],
        [
          22,
          97,
          4,
          51,
          186,
          59,
          2,
          5,
          400,
          74,
          237,
          54,
          3,
          0,
          0,
          1,
          1,
          1,
          3,
          0
        ],
        [
          12,
          34,
          0,
          27,
          180,
          45,
          0,
          10,
          134,
          304,
          256,
          176,
          14,
          6,
          0,
          0,
          0,
          2,
          0,
          0
        ],
        [
          7,
          28,
          0,
          7,
          140,
          7,
          1,
          29,
          108,
          67,
          523,
          244,
          21,
          10,
          4,
          0,
          1,
          0,
          1,
          2
        ],
        [
          1,
          28,
          17,
          23,
          80,
          8,
          0,
          8,
          107,
          30,
          254,
          550,
          48,
          20,
          23,
          0,
          0,
          2,
          0,
          1
        ],
        [
          3,
          6,
          0,
          2,
          30,
          11,
          1,
          5,
          50,
          29,
          324,
          385,
          229,
          84,
          25,
          10,
          3,
          2,
          1,
          0
        ],
        [
          0,
          0,
          0,
          2,
          3,
          2,
          0,
          0,
          48,
          36,
          119,
          501,
          15,
          280,
          149,
          16,
          17,
          10,
          0,
          2
        ],
        [
          0,
          0,
          0,
          0,
          0,
          3,
          0,
          0,
          45,
          17,
          105,
          440,
          11,
          15,
          363,
          85,
          54,
          56,
          0,
          6
        ],
        [
          0,
          0,
          0,
          0,
          1,
          0,
          1,
          0,
          33,
          21,
          49,
          223,
          24,
          77,
          147,
          244,
          103,
          230,
          2,
          45
        ],
        [
          0,
          2,
          0,
          0,
          0,
          2,
          0,
          3,
          8,
          21,
          203,
          237,
          11,
          22,
          19,
          56,
          472,
          136,
          0,
          8
        ],
        [
          0,
          0,
          0,
          0,
          6,
          0,
          0,
          0,
          1,
          5,
          11,
          243,
          1,
          9,
          4,
          50,
          53,
          772,
          0,
          45
        ],
        [
          0,
          0,
          0,
          0,
          0,
          0,
          0,
          0,
          1,
          0,
          0,
          0,
          0,
          1,
          0,
          0,
          0,
          1,
          1191,
          6
        ],
        [
          0,
          1,
          0,
          0,
          0,
          2,
          0,
          12,
          12,
          8,
          80,
          520,
          3,
          28,
          11,
          16,
          5,
          169,
          2,
          331
        ]
      ],
      "per_class": {
        "0": {
          "precision": 0.39286893364146586,
          "recall": 0.9916666666666667,
          "f1-score": 0.5627807992433199,
          "support": 1200.0
        },
        "1": {
          "precision": 0.24708171206225682,
          "recall": 0.3175,
          "f1-score": 0.2778993435448578,
          "support": 1200.0
        },
        "2": {
          "precision": 0.6378986866791745,
          "recall": 0.2833333333333333,
          "f1-score": 0.39238315060588574,
          "support": 1200.0
        },
        "3": {
          "precision": 0.31297709923664124,
          "recall": 0.3416666666666667,
          "f1-score": 0.32669322709163345,
          "support": 1200.0
        },
        "4": {
          "precision": 0.22270114942528735,
          "recall": 0.3875,
          "f1-score": 0.28284671532846717,
          "support": 1200.0
        },
        "5": {
          "precision": 0.4885386819484241,
          "recall": 0.2841666666666667,
          "f1-score": 0.35932560590094836,
          "support": 1200.0
        },
        "6": {
          "precision": 0.7123287671232876,
          "recall": 0.21666666666666667,
          "f1-score": 0.33226837060702874,
          "support": 1200.0
        },
        "7": {
          "precision": 0.5550314465408805,
          "recall": 0.2941666666666667,
          "f1-score": 0.38453159041394336,
          "support": 1200.0
        },
        "8": {
          "precision": 0.3395585738539898,
          "recall": 0.3333333333333333,
          "f1-score": 0.33641715727502103,
          "support": 1200.0
        },
        "9": {
          "precision": 0.4735202492211838,
          "recall": 0.25333333333333335,
          "f1-score": 0.3300760043431053,
          "support": 1200.0
        },
        "10": {
          "precision": 0.2188284518828452,
          "recall": 0.43583333333333335,
          "f1-score": 0.2913649025069638,
          "support": 1200.0
        },
        "11": {
          "precision": 0.15210176991150443,
          "recall": 0.4583333333333333,
          "f1-score": 0.22840531561461794,
          "support": 1200.0
        },
        "12": {
          "precision": 0.5826972010178118,
          "recall": 0.19083333333333333,
          "f1-score": 0.28750784682988073,
          "support": 1200.0
        },
        "13": {
          "precision": 0.5035971223021583,
          "recall": 0.23333333333333334,
          "f1-score": 0.31890660592255127,
          "support": 1200.0
        },
        "14": {
          "precision": 0.4859437751004016,
          "recall": 0.3025,
          "f1-score": 0.3728813559322034,
          "support": 1200.0
        },
        "15": {
          "precision": 0.5093945720250522,
          "recall": 0.20333333333333334,
          "f1-score": 0.29064919594997024,
          "support": 1200.0
        },
        "16": {
          "precision": 0.6629213483146067,
          "recall": 0.3933333333333333,
          "f1-score": 0.49372384937238495,
          "support": 1200.0
        },
        "17": {
          "precision": 0.5574007220216607,
          "recall": 0.6433333333333333,
          "f1-score": 0.5972920696324951,
          "support": 1200.0
        },
        "18": {
          "precision": 0.9566265060240964,
          "recall": 0.9925,
          "f1-score": 0.9742331288343559,
          "support": 1200.0
        },
        "19": {
          "precision": 0.7258771929824561,
          "recall": 0.2758333333333333,
          "f1-score": 0.3997584541062802,
          "support": 1200.0
        }
      }
    },
    "validation": {
      "accuracy": 0.678125,
      "macro_f1": 0.6767325124803757,
      "confusion_matrix": [
        [
          157,
          2,
          1,
          0,
          0,
          0,
          0,
          0,
          0,
          0,
          0,
          0,
          0,
          0,
          0,
          0,
          0,
          0,
          0,
          0
        ],
        [
          0,
          92,
          39,
          11,
          10,
          0,
          1,
          1,
          3,
          2,
          0,
          0,
          0,
          0,
          0,
          0,
          0,
          0,
          0,
          1
        ],
        [
          0,
          3,
          116,
          23,
          10,
          2,
          5,
          1,
          0,
          0,
          0,
          0,
          0,
          0,
          0,
          0,
          0,
          0,
          0,
          0
        ],
        [
          0,
          1,
          13,
          95,
          23,
          11,
          10,
          2,
          2,
          0,
          2,
          0,
          0,
          0,
          0,
          0,
          1,
          0,
          0,
          0
        ],
        [
          0,
          0,
          5,
          2,
          106,
          16,
          5,
          6,
          11,
          2,
          3,
          2,
          0,
          0,
          0,
          0,
          0,
          0,
          0,
          2
        ],
        [
          0,
          0,
          0,
          0,
          7,
          99,
          15,
          27,
          7,
          0,
          1,
          0,
          0,
          1,
          1,
          1,
          0,
          0,
          0,
          1
        ],
        [
          0,
          0,
          1,
          0,
          7,
          4,
          88,
          43,
          9,
          2,
          4,
          0,
          0,
          0,
          2,
          0,
          0,
          0,
          0,
          0
        ],
        [
          0,
          0,
          0,
          0,
          0,
          2,
          7,
          117,
          20,
          6,
          6,
          2,
          0,
          0,
          0,
          0,
          0,
          0,
          0,
          0
        ],
        [
          0,
          0,
          0,
          0,
          0,
          0,
          0,
          4,
          110,
          25,
          16,
          3,
          0,
          0,
          2,
          0,
          0,
          0,
          0,
          0
        ],
        [
          0,
          0,
          0,
          0,
          1,
          0,
          0,
          0,
          7,
          107,
          19,
          22,
          2,
          1,
          1,
          0,
          0,
          0,
          0,
          0
        ],
        [
          0,
          0,
          0,
          0,
          1,
          1,
          0,
          0,
          4,
          16,
          84,
          41,
          9,
          1,
          2,
          0,
          0,
          0,
          1,
          0
        ],
        [
          0,
          0,
          0,
          0,
          0,
          0,
          0,
          0,
          2,
          5,
          6,
          109,
          22,
          8,
          7,
          0,
          0,
          0,
          0,
          1
        ],
        [
          0,
          0,
          0,
          0,
          0,
          0,
          0,
          0,
          0,
          1,
          10,
          25,
          72,
          36,
          10,
          4,
          1,
          1,
          0,
          0
        ],
        [
          0,
          0,
          0,
          0,
          0,
          0,
          0,
          1,
          0,
          0,
          2,
          4,
          3,
          77,
          59,
          6,
          7,
          1,
          0,
          0
        ],
        [
          0,
          0,
          0,
          0,
          0,
          0,
          0,
          0,
          0,
          0,
          0,
          0,
          2,
          4,
          129,
          12,
          13,
          0,
          0,
          0
        ],
        [
          0,
          0,
          0,
          0,
          0,
          0,
          0,
          0,
          0,
          0,
          0,
          0,
          1,
          0,
          35,
          84,
          37,
          3,
          0,
          0
        ],
        [
          0,
          0,
          0,
          0,
          0,
          0,
          0,
          0,
          0,
          0,
          0,
          1,
          0,
          1,
          9,
          6,
          136,
          6,
          0,
          1
        ],
        [
          0,
          0,
          0,
          0,
          0,
          0,
          0,
          0,
          0,
          0,
          0,
          0,
          0,
          0,
          3,
          2,
          3,
          148,
          0,
          4
        ],
        [
          0,
          1,
          0,
          0,
          1,
          1,
          0,
          0,
          0,
          0,
          1,
          0,
          2,
          0,
          0,
          0,
          0,
          1,
          152,
          1
        ],
        [
          0,
          0,
          0,
          0,
          0,
          0,
          0,
          0,
          0,
          0,
          0,
          0,
          0,
          0,
          6,
          6,
          8,
          44,
          4,
          92
        ]
      ],
      "per_class": {
        "0": {
          "precision": 1.0,
          "recall": 0.98125,
          "f1-score": 0.9905362776025236,
          "support": 160.0
        },
        "1": {
          "precision": 0.9292929292929293,
          "recall": 0.575,
          "f1-score": 0.7104247104247104,
          "support": 160.0
        },
        "2": {
          "precision": 0.6628571428571428,
          "recall": 0.725,
          "f1-score": 0.6925373134328359,
          "support": 160.0
        },
        "3": {
          "precision": 0.7251908396946565,
          "recall": 0.59375,
          "f1-score": 0.6529209621993127,
          "support": 160.0
        },
        "4": {
          "precision": 0.6385542168674698,
          "recall": 0.6625,
          "f1-score": 0.6503067484662577,
          "support": 160.0
        },
        "5": {
          "precision": 0.7279411764705882,
          "recall": 0.61875,
          "f1-score": 0.668918918918919,
          "support": 160.0
        },
        "6": {
          "precision": 0.6717557251908397,
          "recall": 0.55,
          "f1-score": 0.6048109965635738,
          "support": 160.0
        },
        "7": {
          "precision": 0.5792079207920792,
          "recall": 0.73125,
          "f1-score": 0.6464088397790055,
          "support": 160.0
        },
        "8": {
          "precision": 0.6285714285714286,
          "recall": 0.6875,
          "f1-score": 0.6567164179104478,
          "support": 160.0
        },
        "9": {
          "precision": 0.6445783132530121,
          "recall": 0.66875,
          "f1-score": 0.656441717791411,
          "support": 160.0
        },
        "10": {
          "precision": 0.5454545454545454,
          "recall": 0.525,
          "f1-score": 0.535031847133758,
          "support": 160.0
        },
        "11": {
          "precision": 0.5215311004784688,
          "recall": 0.68125,
          "f1-score": 0.5907859078590786,
          "support": 160.0
        },
        "12": {
          "precision": 0.6371681415929203,
          "recall": 0.45,
          "f1-score": 0.5274725274725275,
          "support": 160.0
        },
        "13": {
          "precision": 0.5968992248062015,
          "recall": 0.48125,
          "f1-score": 0.532871972318339,
          "support": 160.0
        },
        "14": {
          "precision": 0.4849624060150376,
          "recall": 0.80625,
          "f1-score": 0.6056338028169014,
          "support": 160.0
        },
        "15": {
          "precision": 0.6942148760330579,
          "recall": 0.525,
          "f1-score": 0.597864768683274,
          "support": 160.0
        },
        "16": {
          "precision": 0.6601941747572816,
          "recall": 0.85,
          "f1-score": 0.7431693989071039,
          "support": 160.0
        },
        "17": {
          "precision": 0.7254901960784313,
          "recall": 0.925,
          "f1-score": 0.8131868131868132,
          "support": 160.0
        },
        "18": {
          "precision": 0.9681528662420382,
          "recall": 0.95,
          "f1-score": 0.9589905362776026,
          "support": 160.0
        },
        "19": {
          "precision": 0.8932038834951457,
          "recall": 0.575,
          "f1-score": 0.6996197718631179,
          "support": 160.0
        }
      }
    }
  },
  "calibration": {
    "sample_count": 24000,
    "batch_count": 188,
    "last_batch_size": 64,
    "changed_buffers": [
      "final.0.num_batches_tracked",
      "final.0.running_mean",
      "final.0.running_var",
      "stages.0.0.main.1.num_batches_tracked",
      "stages.0.0.main.1.running_mean",
      "stages.0.0.main.1.running_var",
      "stages.0.0.main.4.num_batches_tracked",
      "stages.0.0.main.4.running_mean",
      "stages.0.0.main.4.running_var",
      "stages.0.1.main.0.num_batches_tracked",
      "stages.0.1.main.0.running_mean",
      "stages.0.1.main.0.running_var",
      "stages.0.1.main.3.num_batches_tracked",
      "stages.0.1.main.3.running_mean",
      "stages.0.1.main.3.running_var",
      "stages.0.1.main.6.num_batches_tracked",
      "stages.0.1.main.6.running_mean",
      "stages.0.1.main.6.running_var",
      "stages.0.2.main.0.num_batches_tracked",
      "stages.0.2.main.0.running_mean",
      "stages.0.2.main.0.running_var",
      "stages.0.2.main.3.num_batches_tracked",
      "stages.0.2.main.3.running_mean",
      "stages.0.2.main.3.running_var",
      "stages.0.2.main.6.num_batches_tracked",
      "stages.0.2.main.6.running_mean",
      "stages.0.2.main.6.running_var",
      "stages.1.0.main.0.num_batches_tracked",
      "stages.1.0.main.0.running_mean",
      "stages.1.0.main.0.running_var",
      "stages.1.0.main.3.num_batches_tracked",
      "stages.1.0.main.3.running_mean",
      "stages.1.0.main.3.running_var",
      "stages.1.0.main.6.num_batches_tracked",
      "stages.1.0.main.6.running_mean",
      "stages.1.0.main.6.running_var",
      "stages.1.1.main.0.num_batches_tracked",
      "stages.1.1.main.0.running_mean",
      "stages.1.1.main.0.running_var",
      "stages.1.1.main.3.num_batches_tracked",
      "stages.1.1.main.3.running_mean",
      "stages.1.1.main.3.running_var",
      "stages.1.1.main.6.num_batches_tracked",
      "stages.1.1.main.6.running_mean",
      "stages.1.1.main.6.running_var",
      "stages.1.2.main.0.num_batches_tracked",
      "stages.1.2.main.0.running_mean",
      "stages.1.2.main.0.running_var",
      "stages.1.2.main.3.num_batches_tracked",
      "stages.1.2.main.3.running_mean",
      "stages.1.2.main.3.running_var",
      "stages.1.2.main.6.num_batches_tracked",
      "stages.1.2.main.6.running_mean",
      "stages.1.2.main.6.running_var",
      "stages.2.0.main.0.num_batches_tracked",
      "stages.2.0.main.0.running_mean",
      "stages.2.0.main.0.running_var",
      "stages.2.0.main.3.num_batches_tracked",
      "stages.2.0.main.3.running_mean",
      "stages.2.0.main.3.running_var",
      "stages.2.0.main.6.num_batches_tracked",
      "stages.2.0.main.6.running_mean",
      "stages.2.0.main.6.running_var",
      "stages.2.1.main.0.num_batches_tracked",
      "stages.2.1.main.0.running_mean",
      "stages.2.1.main.0.running_var",
      "stages.2.1.main.3.num_batches_tracked",
      "stages.2.1.main.3.running_mean",
      "stages.2.1.main.3.running_var",
      "stages.2.1.main.6.num_batches_tracked",
      "stages.2.1.main.6.running_mean",
      "stages.2.1.main.6.running_var",
      "stages.2.2.main.0.num_batches_tracked",
      "stages.2.2.main.0.running_mean",
      "stages.2.2.main.0.running_var",
      "stages.2.2.main.3.num_batches_tracked",
      "stages.2.2.main.3.running_mean",
      "stages.2.2.main.3.running_var",
      "stages.2.2.main.6.num_batches_tracked",
      "stages.2.2.main.6.running_mean",
      "stages.2.2.main.6.running_var",
      "stages.3.0.main.0.num_batches_tracked",
      "stages.3.0.main.0.running_mean",
      "stages.3.0.main.0.running_var",
      "stages.3.0.main.3.num_batches_tracked",
      "stages.3.0.main.3.running_mean",
      "stages.3.0.main.3.running_var",
      "stages.3.0.main.6.num_batches_tracked",
      "stages.3.0.main.6.running_mean",
      "stages.3.0.main.6.running_var",
      "stages.3.1.main.0.num_batches_tracked",
      "stages.3.1.main.0.running_mean",
      "stages.3.1.main.0.running_var",
      "stages.3.1.main.3.num_batches_tracked",
      "stages.3.1.main.3.running_mean",
      "stages.3.1.main.3.running_var",
      "stages.3.1.main.6.num_batches_tracked",
      "stages.3.1.main.6.running_mean",
      "stages.3.1.main.6.running_var",
      "stages.3.2.main.0.num_batches_tracked",
      "stages.3.2.main.0.running_mean",
      "stages.3.2.main.0.running_var",
      "stages.3.2.main.3.num_batches_tracked",
      "stages.3.2.main.3.running_mean",
      "stages.3.2.main.3.running_var",
      "stages.3.2.main.6.num_batches_tracked",
      "stages.3.2.main.6.running_mean",
      "stages.3.2.main.6.running_var",
      "stem.1.num_batches_tracked",
      "stem.1.running_mean",
      "stem.1.running_var"
    ],
    "parameters_unchanged": true,
    "original_state_unchanged": true
  },
  "elapsed_seconds": 12.083865517997765
}
