{
  "status": "complete",
  "seed": 0,
  "sample_counts": {
    "train": 24000,
    "validation": 3200
  },
  "metrics": {
    "train": {
      "accuracy": 0.6596666666666666,
      "macro_f1": 0.6574206850914591,
      "confusion_matrix": [
        [
          1199,
          0,
          0,
          0,
          0,
          0,
          0,
          0,
          0,
          0,
          0,
          0,
          0,
          0,
          0,
          0,
          1,
          0,
          0,
          0
        ],
        [
          13,
          863,
          227,
          58,
          26,
          2,
          7,
          0,
          1,
          0,
          2,
          0,
          0,
          0,
          0,
          0,
          0,
          0,
          1,
          0
        ],
        [
          11,
          238,
          673,
          199,
          50,
          6,
          5,
          0,
          9,
          0,
          1,
          0,
          0,
          0,
          0,
          0,
          0,
          0,
          8,
          0
        ],
        [
          3,
          61,
          118,
          814,
          159,
          17,
          2,
          1,
          6,
          0,
          6,
          0,
          0,
          0,
          0,
          0,
          0,
          1,
          12,
          0
        ],
        [
          9,
          26,
          45,
          160,
          894,
          20,
          14,
          6,
          10,
          1,
          6,
          2,
          0,
          0,
          0,
          0,
          0,
          0,
          7,
          0
        ],
        [
          0,
          64,
          61,
          135,
          233,
          622,
          30,
          22,
          17,
          4,
          3,
          4,
          0,
          1,
          1,
          0,
          0,
          0,
          3,
          0
        ],
        [
          11,
          36,
          30,
          93,
          173,
          163,
          557,
          69,
          25,
          32,
          9,
          0,
          0,
          0,
          0,
          0,
          0,
          0,
          2,
          0
        ],
        [
          6,
          35,
          21,
          39,
          166,
          86,
          91,
          595,
          115,
          22,
          9,
          9,
          4,
          1,
          0,
          0,
          0,
          0,
          1,
          0
        ],
        [
          0,
          2,
          5,
          27,
          105,
          12,
          27,
          77,
          802,
          61,
          40,
          31,
          7,
          0,
          2,
          0,
          1,
          0,
          1,
          0
        ],
        [
          0,
          6,
          5,
          5,
          48,
          0,
          4,
          27,
          232,
          655,
          124,
          72,
          13,
          1,
          1,
          0,
          2,
          0,
          5,
          0
        ],
        [
          0,
          2,
          2,
          5,
          18,
          2,
          12,
          18,
          91,
          125,
          812,
          78,
          13,
          2,
          0,
          0,
          4,
          1,
          13,
          2
        ],
        [
          0,
          2,
          0,
          0,
          14,
          6,
          2,
          2,
          85,
          36,
          110,
          796,
          95,
          23,
          13,
          2,
          2,
          2,
          4,
          6
        ],
        [
          0,
          0,
          0,
          0,
          5,
          0,
          1,
          0,
          38,
          18,
          73,
          322,
          554,
          100,
          45,
          10,
          13,
          6,
          14,
          1
        ],
        [
          0,
          0,
          0,
          0,
          2,
          0,
          2,
          0,
          18,
          16,
          12,
          114,
          174,
          644,
          114,
          51,
          14,
          35,
          2,
          2
        ],
        [
          0,
          0,
          0,
          0,
          2,
          0,
          1,
          0,
          2,
          7,
          8,
          42,
          41,
          64,
          773,
          98,
          74,
          72,
          10,
          6
        ],
        [
          0,
          0,
          0,
          1,
          0,
          0,
          0,
          0,
          1,
          0,
          4,
          31,
          39,
          27,
          170,
          697,
          110,
          65,
          21,
          34
        ],
        [
          0,
          0,
          0,
          0,
          3,
          1,
          0,
          1,
          2,
          8,
          22,
          17,
          24,
          15,
          54,
          89,
          866,
          67,
          16,
          15
        ],
        [
          0,
          0,
          0,
          0,
          0,
          0,
          1,
          0,
          4,
          0,
          9,
          11,
          11,
          1,
          13,
          40,
          51,
          844,
          88,
          127
        ],
        [
          0,
          0,
          0,
          0,
          0,
          0,
          0,
          0,
          0,
          0,
          0,
          0,
          0,
          0,
          0,
          0,
          0,
          1,
          1199,
          0
        ],
        [
          0,
          1,
          0,
          0,
          0,
          0,
          0,
          0,
          1,
          0,
          0,
          3,
          2,
          4,
          14,
          43,
          0,
          91,
          68,
          973
        ]
      ],
      "per_class": {
        "0": {
          "precision": 0.957667731629393,
          "recall": 0.9991666666666666,
          "f1-score": 0.9779771615008157,
          "support": 1200.0
        },
        "1": {
          "precision": 0.6459580838323353,
          "recall": 0.7191666666666666,
          "f1-score": 0.6805993690851735,
          "support": 1200.0
        },
        "2": {
          "precision": 0.5669755686604886,
          "recall": 0.5608333333333333,
          "f1-score": 0.5638877251780477,
          "support": 1200.0
        },
        "3": {
          "precision": 0.5299479166666666,
          "recall": 0.6783333333333333,
          "f1-score": 0.5950292397660819,
          "support": 1200.0
        },
        "4": {
          "precision": 0.47102212855637515,
          "recall": 0.745,
          "f1-score": 0.5771465461588121,
          "support": 1200.0
        },
        "5": {
          "precision": 0.663820704375667,
          "recall": 0.5183333333333333,
          "f1-score": 0.5821244735610669,
          "support": 1200.0
        },
        "6": {
          "precision": 0.7367724867724867,
          "recall": 0.46416666666666667,
          "f1-score": 0.5695296523517382,
          "support": 1200.0
        },
        "7": {
          "precision": 0.7273838630806846,
          "recall": 0.49583333333333335,
          "f1-score": 0.5896927651139743,
          "support": 1200.0
        },
        "8": {
          "precision": 0.5496915695681974,
          "recall": 0.6683333333333333,
          "f1-score": 0.6032342986084994,
          "support": 1200.0
        },
        "9": {
          "precision": 0.6649746192893401,
          "recall": 0.5458333333333333,
          "f1-score": 0.5995423340961098,
          "support": 1200.0
        },
        "10": {
          "precision": 0.6496,
          "recall": 0.6766666666666666,
          "f1-score": 0.6628571428571428,
          "support": 1200.0
        },
        "11": {
          "precision": 0.5195822454308094,
          "recall": 0.6633333333333333,
          "f1-score": 0.582723279648609,
          "support": 1200.0
        },
        "12": {
          "precision": 0.5670419651995906,
          "recall": 0.46166666666666667,
          "f1-score": 0.5089572806614607,
          "support": 1200.0
        },
        "13": {
          "precision": 0.7293318233295584,
          "recall": 0.5366666666666666,
          "f1-score": 0.6183389342294767,
          "support": 1200.0
        },
        "14": {
          "precision": 0.6441666666666667,
          "recall": 0.6441666666666667,
          "f1-score": 0.6441666666666667,
          "support": 1200.0
        },
        "15": {
          "precision": 0.6766990291262136,
          "recall": 0.5808333333333333,
          "f1-score": 0.6251121076233184,
          "support": 1200.0
        },
        "16": {
          "precision": 0.7609841827768014,
          "recall": 0.7216666666666667,
          "f1-score": 0.7408041060735672,
          "support": 1200.0
        },
        "17": {
          "precision": 0.7122362869198312,
          "recall": 0.7033333333333334,
          "f1-score": 0.7077568134171908,
          "support": 1200.0
        },
        "18": {
          "precision": 0.8128813559322033,
          "recall": 0.9991666666666666,
          "f1-score": 0.8964485981308411,
          "support": 1200.0
        },
        "19": {
          "precision": 0.8344768439108061,
          "recall": 0.8108333333333333,
          "f1-score": 0.8224852071005917,
          "support": 1200.0
        }
      }
    },
    "validation": {
      "accuracy": 0.618125,
      "macro_f1": 0.6168540646768573,
      "confusion_matrix": [
        [
          157,
          3,
          0,
          0,
          0,
          0,
          0,
          0,
          0,
          0,
          0,
          0,
          0,
          0,
          0,
          0,
          0,
          0,
          0,
          0
        ],
        [
          3,
          115,
          17,
          6,
          4,
          4,
          4,
          0,
          0,
          0,
          5,
          0,
          0,
          0,
          0,
          0,
          0,
          0,
          2,
          0
        ],
        [
          3,
          26,
          92,
          16,
          8,
          1,
          5,
          0,
          2,
          0,
          3,
          1,
          0,
          0,
          0,
          0,
          0,
          0,
          3,
          0
        ],
        [
          0,
          21,
          24,
          81,
          19,
          3,
          2,
          1,
          0,
          0,
          3,
          0,
          0,
          0,
          0,
          0,
          0,
          0,
          6,
          0
        ],
        [
          2,
          8,
          15,
          10,
          98,
          3,
          4,
          3,
          7,
          1,
          1,
          0,
          0,
          1,
          0,
          0,
          0,
          0,
          7,
          0
        ],
        [
          0,
          3,
          5,
          4,
          21,
          101,
          10,
          4,
          1,
          3,
          5,
          0,
          0,
          0,
          0,
          0,
          0,
          2,
          1,
          0
        ],
        [
          2,
          4,
          11,
          3,
          7,
          5,
          96,
          15,
          5,
          9,
          0,
          1,
          0,
          0,
          2,
          0,
          0,
          0,
          0,
          0
        ],
        [
          0,
          12,
          5,
          6,
          9,
          3,
          25,
          76,
          3,
          10,
          7,
          2,
          0,
          0,
          1,
          0,
          0,
          0,
          1,
          0
        ],
        [
          0,
          1,
          1,
          4,
          14,
          0,
          7,
          26,
          69,
          8,
          14,
          7,
          4,
          2,
          2,
          0,
          0,
          0,
          1,
          0
        ],
        [
          0,
          2,
          2,
          2,
          11,
          0,
          1,
          8,
          8,
          72,
          34,
          17,
          1,
          0,
          0,
          1,
          0,
          0,
          1,
          0
        ],
        [
          0,
          1,
          1,
          4,
          5,
          0,
          2,
          1,
          8,
          6,
          113,
          9,
          3,
          0,
          2,
          0,
          2,
          0,
          3,
          0
        ],
        [
          1,
          0,
          0,
          1,
          1,
          2,
          0,
          0,
          5,
          10,
          31,
          86,
          14,
          5,
          2,
          0,
          0,
          0,
          1,
          1
        ],
        [
          0,
          0,
          0,
          0,
          1,
          0,
          0,
          0,
          3,
          0,
          10,
          28,
          91,
          5,
          10,
          5,
          0,
          1,
          6,
          0
        ],
        [
          0,
          0,
          0,
          0,
          1,
          0,
          0,
          0,
          0,
          3,
          4,
          3,
          23,
          85,
          23,
          8,
          3,
          2,
          1,
          4
        ],
        [
          0,
          0,
          0,
          0,
          0,
          0,
          0,
          0,
          0,
          1,
          2,
          1,
          13,
          13,
          110,
          9,
          2,
          5,
          3,
          1
        ],
        [
          0,
          1,
          0,
          0,
          1,
          0,
          0,
          0,
          0,
          0,
          0,
          4,
          16,
          2,
          24,
          94,
          5,
          5,
          7,
          1
        ],
        [
          0,
          0,
          0,
          0,
          0,
          0,
          0,
          0,
          0,
          1,
          6,
          3,
          9,
          2,
          7,
          19,
          93,
          15,
          4,
          1
        ],
        [
          0,
          0,
          0,
          0,
          0,
          0,
          0,
          0,
          0,
          0,
          0,
          0,
          5,
          0,
          7,
          5,
          0,
          99,
          35,
          9
        ],
        [
          0,
          0,
          0,
          0,
          0,
          0,
          0,
          0,
          0,
          0,
          0,
          0,
          0,
          0,
          1,
          0,
          0,
          1,
          157,
          1
        ],
        [
          0,
          0,
          0,
          0,
          0,
          0,
          0,
          0,
          0,
          0,
          0,
          0,
          0,
          2,
          10,
          8,
          1,
          14,
          32,
          93
        ]
      ],
      "per_class": {
        "0": {
          "precision": 0.9345238095238095,
          "recall": 0.98125,
          "f1-score": 0.9573170731707317,
          "support": 160.0
        },
        "1": {
          "precision": 0.583756345177665,
          "recall": 0.71875,
          "f1-score": 0.6442577030812325,
          "support": 160.0
        },
        "2": {
          "precision": 0.5317919075144508,
          "recall": 0.575,
          "f1-score": 0.5525525525525525,
          "support": 160.0
        },
        "3": {
          "precision": 0.5912408759124088,
          "recall": 0.50625,
          "f1-score": 0.5454545454545454,
          "support": 160.0
        },
        "4": {
          "precision": 0.49,
          "recall": 0.6125,
          "f1-score": 0.5444444444444444,
          "support": 160.0
        },
        "5": {
          "precision": 0.8278688524590164,
          "recall": 0.63125,
          "f1-score": 0.7163120567375887,
          "support": 160.0
        },
        "6": {
          "precision": 0.6153846153846154,
          "recall": 0.6,
          "f1-score": 0.6075949367088608,
          "support": 160.0
        },
        "7": {
          "precision": 0.5671641791044776,
          "recall": 0.475,
          "f1-score": 0.5170068027210885,
          "support": 160.0
        },
        "8": {
          "precision": 0.6216216216216216,
          "recall": 0.43125,
          "f1-score": 0.5092250922509225,
          "support": 160.0
        },
        "9": {
          "precision": 0.5806451612903226,
          "recall": 0.45,
          "f1-score": 0.5070422535211268,
          "support": 160.0
        },
        "10": {
          "precision": 0.47478991596638653,
          "recall": 0.70625,
          "f1-score": 0.5678391959798995,
          "support": 160.0
        },
        "11": {
          "precision": 0.5308641975308642,
          "recall": 0.5375,
          "f1-score": 0.5341614906832298,
          "support": 160.0
        },
        "12": {
          "precision": 0.5083798882681564,
          "recall": 0.56875,
          "f1-score": 0.5368731563421829,
          "support": 160.0
        },
        "13": {
          "precision": 0.7264957264957265,
          "recall": 0.53125,
          "f1-score": 0.6137184115523465,
          "support": 160.0
        },
        "14": {
          "precision": 0.5472636815920398,
          "recall": 0.6875,
          "f1-score": 0.6094182825484764,
          "support": 160.0
        },
        "15": {
          "precision": 0.6308724832214765,
          "recall": 0.5875,
          "f1-score": 0.6084142394822006,
          "support": 160.0
        },
        "16": {
          "precision": 0.8773584905660378,
          "recall": 0.58125,
          "f1-score": 0.6992481203007519,
          "support": 160.0
        },
        "17": {
          "precision": 0.6875,
          "recall": 0.61875,
          "f1-score": 0.6513157894736842,
          "support": 160.0
        },
        "18": {
          "precision": 0.5793357933579336,
          "recall": 0.98125,
          "f1-score": 0.728538283062645,
          "support": 160.0
        },
        "19": {
          "precision": 0.8378378378378378,
          "recall": 0.58125,
          "f1-score": 0.6863468634686347,
          "support": 160.0
        }
      }
    }
  },
  "calibration": {
    "sample_count": 24000,
    "batch_count": 188,
    "last_batch_size": 64,
    "changed_buffers": [
      "final.0.num_batches_tracked",
      "final.0.running_mean",
      "final.0.running_var",
      "stages.0.0.main.1.num_batches_tracked",
      "stages.0.0.main.1.running_mean",
      "stages.0.0.main.1.running_var",
      "stages.0.0.main.4.num_batches_tracked",
      "stages.0.0.main.4.running_mean",
      "stages.0.0.main.4.running_var",
      "stages.0.1.main.0.num_batches_tracked",
      "stages.0.1.main.0.running_mean",
      "stages.0.1.main.0.running_var",
      "stages.0.1.main.3.num_batches_tracked",
      "stages.0.1.main.3.running_mean",
      "stages.0.1.main.3.running_var",
      "stages.0.1.main.6.num_batches_tracked",
      "stages.0.1.main.6.running_mean",
      "stages.0.1.main.6.running_var",
      "stages.0.2.main.0.num_batches_tracked",
      "stages.0.2.main.0.running_mean",
      "stages.0.2.main.0.running_var",
      "stages.0.2.main.3.num_batches_tracked",
      "stages.0.2.main.3.running_mean",
      "stages.0.2.main.3.running_var",
      "stages.0.2.main.6.num_batches_tracked",
      "stages.0.2.main.6.running_mean",
      "stages.0.2.main.6.running_var",
      "stages.1.0.main.0.num_batches_tracked",
      "stages.1.0.main.0.running_mean",
      "stages.1.0.main.0.running_var",
      "stages.1.0.main.3.num_batches_tracked",
      "stages.1.0.main.3.running_mean",
      "stages.1.0.main.3.running_var",
      "stages.1.0.main.6.num_batches_tracked",
      "stages.1.0.main.6.running_mean",
      "stages.1.0.main.6.running_var",
      "stages.1.1.main.0.num_batches_tracked",
      "stages.1.1.main.0.running_mean",
      "stages.1.1.main.0.running_var",
      "stages.1.1.main.3.num_batches_tracked",
      "stages.1.1.main.3.running_mean",
      "stages.1.1.main.3.running_var",
      "stages.1.1.main.6.num_batches_tracked",
      "stages.1.1.main.6.running_mean",
      "stages.1.1.main.6.running_var",
      "stages.1.2.main.0.num_batches_tracked",
      "stages.1.2.main.0.running_mean",
      "stages.1.2.main.0.running_var",
      "stages.1.2.main.3.num_batches_tracked",
      "stages.1.2.main.3.running_mean",
      "stages.1.2.main.3.running_var",
      "stages.1.2.main.6.num_batches_tracked",
      "stages.1.2.main.6.running_mean",
      "stages.1.2.main.6.running_var",
      "stages.2.0.main.0.num_batches_tracked",
      "stages.2.0.main.0.running_mean",
      "stages.2.0.main.0.running_var",
      "stages.2.0.main.3.num_batches_tracked",
      "stages.2.0.main.3.running_mean",
      "stages.2.0.main.3.running_var",
      "stages.2.0.main.6.num_batches_tracked",
      "stages.2.0.main.6.running_mean",
      "stages.2.0.main.6.running_var",
      "stages.2.1.main.0.num_batches_tracked",
      "stages.2.1.main.0.running_mean",
      "stages.2.1.main.0.running_var",
      "stages.2.1.main.3.num_batches_tracked",
      "stages.2.1.main.3.running_mean",
      "stages.2.1.main.3.running_var",
      "stages.2.1.main.6.num_batches_tracked",
      "stages.2.1.main.6.running_mean",
      "stages.2.1.main.6.running_var",
      "stages.2.2.main.0.num_batches_tracked",
      "stages.2.2.main.0.running_mean",
      "stages.2.2.main.0.running_var",
      "stages.2.2.main.3.num_batches_tracked",
      "stages.2.2.main.3.running_mean",
      "stages.2.2.main.3.running_var",
      "stages.2.2.main.6.num_batches_tracked",
      "stages.2.2.main.6.running_mean",
      "stages.2.2.main.6.running_var",
      "stages.3.0.main.0.num_batches_tracked",
      "stages.3.0.main.0.running_mean",
      "stages.3.0.main.0.running_var",
      "stages.3.0.main.3.num_batches_tracked",
      "stages.3.0.main.3.running_mean",
      "stages.3.0.main.3.running_var",
      "stages.3.0.main.6.num_batches_tracked",
      "stages.3.0.main.6.running_mean",
      "stages.3.0.main.6.running_var",
      "stages.3.1.main.0.num_batches_tracked",
      "stages.3.1.main.0.running_mean",
      "stages.3.1.main.0.running_var",
      "stages.3.1.main.3.num_batches_tracked",
      "stages.3.1.main.3.running_mean",
      "stages.3.1.main.3.running_var",
      "stages.3.1.main.6.num_batches_tracked",
      "stages.3.1.main.6.running_mean",
      "stages.3.1.main.6.running_var",
      "stages.3.2.main.0.num_batches_tracked",
      "stages.3.2.main.0.running_mean",
      "stages.3.2.main.0.running_var",
      "stages.3.2.main.3.num_batches_tracked",
      "stages.3.2.main.3.running_mean",
      "stages.3.2.main.3.running_var",
      "stages.3.2.main.6.num_batches_tracked",
      "stages.3.2.main.6.running_mean",
      "stages.3.2.main.6.running_var",
      "stem.1.num_batches_tracked",
      "stem.1.running_mean",
      "stem.1.running_var"
    ],
    "parameters_unchanged": true,
    "original_state_unchanged": true
  },
  "elapsed_seconds": 12.261835921999591
}
