test_conflicting_class_indices_are_reported (test_audit.AuditTests.test_conflicting_class_indices_are_reported) ... ok
test_duplicate_counts_include_all_test_occurrences (test_audit.AuditTests.test_duplicate_counts_include_all_test_occurrences) ... ok
test_equal_row_count_does_not_prove_complete_origins (test_audit.AuditTests.test_equal_row_count_does_not_prove_complete_origins) ... ok
test_hash_cannot_claim_another_loading_index (test_audit.AuditTests.test_hash_cannot_claim_another_loading_index) ... ok
test_incorrect_axis_count_is_rejected (test_audit.AuditTests.test_incorrect_axis_count_is_rejected) ... ok
test_nonfinite_values_and_constant_scans_are_visible (test_audit.AuditTests.test_nonfinite_values_and_constant_scans_are_visible) ... ok
test_shared_waveforms_join_people_transitively (test_audit.AuditTests.test_shared_waveforms_join_people_transitively) ... ok
test_existing_run_is_not_overwritten (test_baseline.BaselineTests.test_existing_run_is_not_overwritten) ... ok
test_failed_run_is_recorded_without_success_artifacts (test_baseline.BaselineTests.test_failed_run_is_recorded_without_success_artifacts) ... ok
test_generated_json_keeps_checksums_after_git_line_ending_normalization (test_baseline.BaselineTests.test_generated_json_keeps_checksums_after_git_line_ending_normalization) ... ok
test_invalid_sampling_or_candidate_is_rejected (test_baseline.BaselineTests.test_invalid_sampling_or_candidate_is_rejected) ... ok
test_model_accepts_crlf_feature_source_but_rejects_actual_code_changes (test_baseline.BaselineTests.test_model_accepts_crlf_feature_source_but_rejects_actual_code_changes) ... ok
test_partial_publication_failure_removes_success_artifacts (test_baseline.BaselineTests.test_partial_publication_failure_removes_success_artifacts) ... ok
test_rbf_uses_supported_uncalibrated_default_without_deprecation (test_baseline.BaselineTests.test_rbf_uses_supported_uncalibrated_default_without_deprecation) ... ok
test_running_job_claims_output_before_fitting (test_baseline.BaselineTests.test_running_job_claims_output_before_fitting) ... ok
test_sampling_is_stratified_reproducible_and_preserves_order (test_baseline.BaselineTests.test_sampling_is_stratified_reproducible_and_preserves_order) ... ok
test_success_and_failure_markers_cannot_be_loaded_together (test_baseline.BaselineTests.test_success_and_failure_markers_cannot_be_loaded_together) ... ok
test_train_only_scaler_sealed_test_and_roundtrip_predictions (test_baseline.BaselineTests.test_train_only_scaler_sealed_test_and_roundtrip_predictions) ... ok
test_actual_waveform_must_match_claim_even_if_file_checksum_updated (test_dataset.DatasetTests.test_actual_waveform_must_match_claim_even_if_file_checksum_updated) ... ok
test_changed_manifest_is_rejected (test_dataset.DatasetTests.test_changed_manifest_is_rejected) ... ok
test_loads_exact_source_indices_and_labels (test_dataset.DatasetTests.test_loads_exact_source_indices_and_labels) ... ok
test_manifest_validation_failure_closes_opened_raw_mapping (test_dataset.DatasetTests.test_manifest_validation_failure_closes_opened_raw_mapping) ... ok
test_modified_raw_file_is_rejected (test_dataset.DatasetTests.test_modified_raw_file_is_rejected) ... ok
test_representative_class_cannot_disagree_with_record_label (test_dataset.DatasetTests.test_representative_class_cannot_disagree_with_record_label) ... ok
test_each_channel_and_component_is_floored_independently (test_dc_ac.DcAcTests.test_each_channel_and_component_is_floored_independently) ... ok
test_fit_and_transform_reject_empty_malformed_and_nonfinite_inputs (test_dc_ac.DcAcTests.test_fit_and_transform_reject_empty_malformed_and_nonfinite_inputs) ... ok
test_fit_is_train_only_and_rejects_invalid_batch_sizes (test_dc_ac.DcAcTests.test_fit_is_train_only_and_rejects_invalid_batch_sizes) ... ok
test_fit_matches_hand_calculated_population_statistics (test_dc_ac.DcAcTests.test_fit_matches_hand_calculated_population_statistics) ... ok
test_fit_partition_is_stable_for_large_dc_and_small_variance (test_dc_ac.DcAcTests.test_fit_partition_is_stable_for_large_dc_and_small_variance) ... ok
test_full250_mean_is_used_before_a_biased224_crop (test_dc_ac.DcAcTests.test_full250_mean_is_used_before_a_biased224_crop) ... ok
test_memmap_streaming_does_not_mutate_data_or_statistics (test_dc_ac.DcAcTests.test_memmap_streaming_does_not_mutate_data_or_statistics) ... ok
test_transform_matches_hand_values_and_preserves_dc_and_relative_ac (test_dc_ac.DcAcTests.test_transform_matches_hand_values_and_preserves_dc_and_relative_ac) ... ok
test_transform_partition_and_order_are_exactly_invariant (test_dc_ac.DcAcTests.test_transform_partition_and_order_are_exactly_invariant) ... ok
test_validate_stats_rejects_incomplete_nonjson_and_incoherent_schema (test_dc_ac.DcAcTests.test_validate_stats_rejects_incomplete_nonjson_and_incoherent_schema) ... ok
test_validation_uses_frozen_train_stats_and_retains_large_shift (test_dc_ac.DcAcTests.test_validation_uses_frozen_train_stats_and_retains_large_shift) ... ok
test_zero_scales_are_floored_and_produce_finite_outputs (test_dc_ac.DcAcTests.test_zero_scales_are_floored_and_produce_finite_outputs) ... ok
test_failure_record_and_atomic_directory_claim (test_deep.DeepTests.test_failure_record_and_atomic_directory_claim) ... ok
test_invalid_config_rejected_before_claim (test_deep.DeepTests.test_invalid_config_rejected_before_claim) ... ok
test_labels_must_match_manifest_not_only_cached_checksum (test_deep.DeepTests.test_labels_must_match_manifest_not_only_cached_checksum) ... ok
test_near_tie_device_difference_is_reported_not_checkpoint_failure (test_deep.DeepTests.test_near_tie_device_difference_is_reported_not_checkpoint_failure) ... ok
test_reload_rejects_contradictory_epoch_configuration_and_model_metadata (test_deep.DeepTests.test_reload_rejects_contradictory_epoch_configuration_and_model_metadata) ... ok
test_sealed_test_training_noise_validation_and_checkpoint_roundtrip (test_deep.DeepTests.test_sealed_test_training_noise_validation_and_checkpoint_roundtrip) ... ok
test_selection_is_fixed_clean_or_equal_four_condition_average (test_deep.DeepTests.test_selection_is_fixed_clean_or_equal_four_condition_average) ... ok
test_zero_ac_validation_snr_marked_not_applicable (test_deep.DeepTests.test_zero_ac_validation_snr_marked_not_applicable) ... ok
test_help_renders_percentages_from_another_working_directory (test_deep_cli.DeepCLITests.test_help_renders_percentages_from_another_working_directory) ... ok
test_auto_selects_cpu_when_cuda_unavailable (test_devices.DeviceTests.test_auto_selects_cpu_when_cuda_unavailable) ... ok
test_cpu_only_seeding_does_not_initialize_cuda (test_devices.DeviceTests.test_cpu_only_seeding_does_not_initialize_cuda) ... ok
test_cpu_request_does_not_probe_or_initialize_cuda (test_devices.DeviceTests.test_cpu_request_does_not_probe_or_initialize_cuda) ... ok
test_cuda_requests_select_generic_cuda_when_available (test_devices.DeviceTests.test_cuda_requests_select_generic_cuda_when_available) ... ok
test_explicit_unavailable_cuda_raises_clear_error (test_devices.DeviceTests.test_explicit_unavailable_cuda_raises_clear_error) ... ok
test_invalid_requests_are_rejected_before_cuda_probe (test_devices.DeviceTests.test_invalid_requests_are_rejected_before_cuda_probe) ... ok
test_invalid_seed_and_threads_are_rejected (test_devices.DeviceTests.test_invalid_seed_and_threads_are_rejected) ... ok
test_real_cuda_random_draws_are_reproducible (test_devices.DeviceTests.test_real_cuda_random_draws_are_reproducible) ... ok
test_seed_enforces_threads_and_determinism_flags (test_devices.DeviceTests.test_seed_enforces_threads_and_determinism_flags) ... ok
test_seeding_repeats_real_python_numpy_and_torch_draws (test_devices.DeviceTests.test_seeding_repeats_real_python_numpy_and_torch_draws) ... ok
test_workspace_config_precedes_cuda_seeding_in_fresh_process (test_devices.DeviceTests.test_workspace_config_precedes_cuda_seeding_in_fresh_process) ... ok
test_acceptance_rejects_stale_code_predictions_and_registry (test_evaluation.EvaluationTests.test_acceptance_rejects_stale_code_predictions_and_registry) ... ok
test_executed_source_is_bound_and_failure_marker_survives_unlink_failure (test_evaluation.EvaluationTests.test_executed_source_is_bound_and_failure_marker_survives_unlink_failure) ... ok
test_metrics_count_all_classes_and_nominal_groups (test_evaluation.EvaluationTests.test_metrics_count_all_classes_and_nominal_groups) ... ok
test_no_overwrite_failure_marker_and_cli_help (test_evaluation.EvaluationTests.test_no_overwrite_failure_marker_and_cli_help) ... ok
test_real_models_share_noise_and_validation_never_indexes_test (test_evaluation.EvaluationTests.test_real_models_share_noise_and_validation_never_indexes_test) ... ok
test_validation_default_and_test_requires_bound_acceptance_before_data_access (test_evaluation.EvaluationTests.test_validation_default_and_test_requires_bound_acceptance_before_data_access) ... ok
test_arbitrary_run_labels_preserve_bijective_model_identity (test_evaluation_summary.EvaluationSummaryTests.test_arbitrary_run_labels_preserve_bijective_model_identity) ... ok
test_clean_has_one_observation_and_no_noise_sd (test_evaluation_summary.EvaluationSummaryTests.test_clean_has_one_observation_and_no_noise_sd) ... ok
test_different_within_seed_noise_spreads_remain_separately_identified (test_evaluation_summary.EvaluationSummaryTests.test_different_within_seed_noise_spreads_remain_separately_identified) ... ok
test_duplicate_clean_or_noise_observations_are_rejected (test_evaluation_summary.EvaluationSummaryTests.test_duplicate_clean_or_noise_observations_are_rejected) ... ok
test_family_sd_uses_three_run_means_not_fifteen_observations (test_evaluation_summary.EvaluationSummaryTests.test_family_sd_uses_three_run_means_not_fifteen_observations) ... ok
test_invalid_run_ids_and_missing_fields_are_rejected (test_evaluation_summary.EvaluationSummaryTests.test_invalid_run_ids_and_missing_fields_are_rejected) ... ok
test_invalid_training_seeds_families_and_conditions_are_rejected (test_evaluation_summary.EvaluationSummaryTests.test_invalid_training_seeds_families_and_conditions_are_rejected) ... ok
test_malformed_entry_containers_raise_value_error (test_evaluation_summary.EvaluationSummaryTests.test_malformed_entry_containers_raise_value_error) ... ok
test_metrics_must_be_finite_numeric_rates_in_unit_interval (test_evaluation_summary.EvaluationSummaryTests.test_metrics_must_be_finite_numeric_rates_in_unit_interval) ... ok
test_missing_observations_conditions_and_runs_are_rejected (test_evaluation_summary.EvaluationSummaryTests.test_missing_observations_conditions_and_runs_are_rejected) ... ok
test_multiple_run_ids_cannot_claim_one_training_identity (test_evaluation_summary.EvaluationSummaryTests.test_multiple_run_ids_cannot_claim_one_training_identity) ... ok
test_noise_sd_uses_ddof_one_within_each_training_seed (test_evaluation_summary.EvaluationSummaryTests.test_noise_sd_uses_ddof_one_within_each_training_seed) ... ok
test_noise_seed_protocol_requires_one_of_the_two_frozen_sets (test_evaluation_summary.EvaluationSummaryTests.test_noise_seed_protocol_requires_one_of_the_two_frozen_sets) ... ok
test_observation_noise_seed_must_match_condition_and_protocol (test_evaluation_summary.EvaluationSummaryTests.test_observation_noise_seed_must_match_condition_and_protocol) ... ok
test_replacing_one_observation_with_a_duplicate_cannot_hide_a_missing_seed (test_evaluation_summary.EvaluationSummaryTests.test_replacing_one_observation_with_a_duplicate_cannot_hide_a_missing_seed) ... ok
test_same_run_id_cannot_change_family_or_training_seed (test_evaluation_summary.EvaluationSummaryTests.test_same_run_id_cannot_change_family_or_training_seed) ... ok
test_scalar_metric_schema_must_be_complete_and_consistent (test_evaluation_summary.EvaluationSummaryTests.test_scalar_metric_schema_must_be_complete_and_consistent) ... ok
test_svm_has_one_model_without_fabricated_training_sd (test_evaluation_summary.EvaluationSummaryTests.test_svm_has_one_model_without_fabricated_training_sd) ... ok
test_test_seeds_and_unordered_iterables_are_supported_without_mutation (test_evaluation_summary.EvaluationSummaryTests.test_test_seeds_and_unordered_iterables_are_supported_without_mutation) ... ok
test_zero_noise_variation_and_boundary_metrics_are_valid (test_evaluation_summary.EvaluationSummaryTests.test_zero_noise_variation_and_boundary_metrics_are_valid) ... ok
test_candidates_or_mismatched_data_identity_prevent_registration (test_experiments.RegistrationTests.test_candidates_or_mismatched_data_identity_prevent_registration) ... ok
test_cleanup_failure_revokes_registry_success_marker (test_experiments.RegistrationTests.test_cleanup_failure_revokes_registry_success_marker) ... ok
test_frozen_configs_registered_before_training_without_test_classification (test_experiments.RegistrationTests.test_frozen_configs_registered_before_training_without_test_classification) ... ok
test_incomplete_audit_artifacts_and_provenance_are_rejected (test_experiments.RegistrationTests.test_incomplete_audit_artifacts_and_provenance_are_rejected) ... ok
test_missing_corrupt_or_failed_svm_cannot_authorize_registration (test_experiments.RegistrationTests.test_missing_corrupt_or_failed_svm_cannot_authorize_registration) ... ok
test_batch_partition_is_consistent_and_invalid_inputs_rejected (test_features.FeatureTests.test_batch_partition_is_consistent_and_invalid_inputs_rejected) ... ok
test_constants_have_finite_statistics (test_features.FeatureTests.test_constants_have_finite_statistics) ... ok
test_geometric_features_keep_translation_and_scale_as_defined (test_features.FeatureTests.test_geometric_features_keep_translation_and_scale_as_defined) ... ok
test_known_statistics_and_closed_triangle_geometry (test_features.FeatureTests.test_known_statistics_and_closed_triangle_geometry) ... ok
test_batch_statistics_are_diagnostic_and_original_state_never_changes (test_learning_diagnostics.DiagnosticInferenceTests.test_batch_statistics_are_diagnostic_and_original_state_never_changes) ... ok
test_invalid_input_and_nonfinite_outputs_are_rejected (test_learning_diagnostics.DiagnosticInferenceTests.test_invalid_input_and_nonfinite_outputs_are_rejected) ... ok
test_mixed_batch_order_is_reproducible_and_restored_to_manifest_rows (test_learning_diagnostics.DiagnosticInferenceTests.test_mixed_batch_order_is_reproducible_and_restored_to_manifest_rows) ... ok
test_signal_summary_preserves_large_dc_and_resolves_tiny_ac (test_learning_diagnostics.DiagnosticInferenceTests.test_signal_summary_preserves_large_dc_and_resolves_tiny_ac) ... ok
test_failure_is_recorded_and_no_success_report_remains (test_learning_diagnostics.DiagnosticIntegrationTests.test_failure_is_recorded_and_no_success_report_remains) ... ok
test_real_registered_diagnostic_never_indexes_test_and_csv_counts_match (test_learning_diagnostics.DiagnosticIntegrationTests.test_real_registered_diagnostic_never_indexes_test_and_csv_counts_match) ... ok
test_cnn_has_frozen_blocks_and_time_lengths (test_models.ModelTests.test_cnn_has_frozen_blocks_and_time_lengths) ... ok
test_cpu_backward_and_optimizer_really_update_every_parameter (test_models.ModelTests.test_cpu_backward_and_optimizer_really_update_every_parameter) ... ok
test_cpu_eval_state_dict_roundtrip_after_training (test_models.ModelTests.test_cpu_eval_state_dict_roundtrip_after_training) ... ok
test_default_factory_is_twenty_class_cnn (test_models.ModelTests.test_default_factory_is_twenty_class_cnn) ... ok
test_logits_shape_dtype_and_unbounded_scores (test_models.ModelTests.test_logits_shape_dtype_and_unbounded_scores) ... ok
test_real_cuda_backward_and_cpu_weight_reload (test_models.ModelTests.test_real_cuda_backward_and_cpu_weight_reload) ... ok
test_rejects_invalid_factory_arguments (test_models.ModelTests.test_rejects_invalid_factory_arguments) ... ok
test_rejects_non_float32_input (test_models.ModelTests.test_rejects_non_float32_input) ... ok
test_rejects_wrong_input_layout (test_models.ModelTests.test_rejects_wrong_input_layout) ... ok
test_residual_identity_paths_survive_zero_main_convolutions (test_models.ModelTests.test_residual_identity_paths_survive_zero_main_convolutions) ... ok
test_resnet_convolutions_and_stage_lengths (test_models.ModelTests.test_resnet_convolutions_and_stage_lengths) ... ok
test_ac_power_is_stable_with_large_dc_offset (test_noise.NoiseTests.test_ac_power_is_stable_with_large_dc_offset) ... ok
test_augmentation_clean_rows_metadata_and_noisy_snr (test_noise.NoiseTests.test_augmentation_clean_rows_metadata_and_noisy_snr) ... ok
test_augmentation_constant_rows_remain_unchanged (test_noise.NoiseTests.test_augmentation_constant_rows_remain_unchanged) ... ok
test_augmentation_is_identity_epoch_keyed_and_batch_independent (test_noise.NoiseTests.test_augmentation_is_identity_epoch_keyed_and_batch_independent) ... ok
test_augmentation_rejects_invalid_epoch_seed_signals_and_identities (test_noise.NoiseTests.test_augmentation_rejects_invalid_epoch_seed_signals_and_identities) ... ok
test_exact_constants_are_unchanged_and_snr_is_not_applicable (test_noise.NoiseTests.test_exact_constants_are_unchanged_and_snr_is_not_applicable) ... ok
test_fresh_processes_with_different_python_hash_seeds_are_identical (test_noise.NoiseTests.test_fresh_processes_with_different_python_hash_seeds_are_identical) ... ok
test_global_numpy_rng_state_is_untouched (test_noise.NoiseTests.test_global_numpy_rng_state_is_untouched) ... ok
test_identity_reordering_partitioning_and_repetition_are_identical (test_noise.NoiseTests.test_identity_reordering_partitioning_and_repetition_are_identical) ... ok
test_invalid_identity_seed_namespace_and_snr_are_rejected (test_noise.NoiseTests.test_invalid_identity_seed_namespace_and_snr_are_rejected) ... ok
test_invalid_signals_are_rejected (test_noise.NoiseTests.test_invalid_signals_are_rejected) ... ok
test_joint_ac_power_exact_snr_and_channel_dc_preservation (test_noise.NoiseTests.test_joint_ac_power_exact_snr_and_channel_dc_preservation) ... ok
test_mixed_batch_masks_support_training_counters_and_json_reports (test_noise.NoiseTests.test_mixed_batch_masks_support_training_counters_and_json_reports) ... ok
test_one_constant_channel_still_receives_jointly_calibrated_noise (test_noise.NoiseTests.test_one_constant_channel_still_receives_jointly_calibrated_noise) ... ok
test_scalar_snr_and_float32_readonly_input (test_noise.NoiseTests.test_scalar_snr_and_float32_readonly_input) ... ok
test_seed_identity_namespace_and_condition_separate_noise_streams (test_noise.NoiseTests.test_seed_identity_namespace_and_condition_separate_noise_streams) ... ok
test_small_nonzero_ac_is_not_treated_as_constant (test_noise.NoiseTests.test_small_nonzero_ac_is_not_treated_as_constant) ... ok
test_actual_cuda_calibration_preserves_parameters_and_has_portable_state (test_paper_bn.PaperBNTests.test_actual_cuda_calibration_preserves_parameters_and_has_portable_state) ... ok
test_bool_is_not_a_numeric_protocol_setting (test_paper_bn.PaperBNTests.test_bool_is_not_a_numeric_protocol_setting) ... ok
test_failed_calibration_preserves_origin_and_rejects_mixed_states (test_paper_bn.PaperBNTests.test_failed_calibration_preserves_origin_and_rejects_mixed_states) ... ok
test_full_without_registration_does_not_create_output_and_smoke_requires_smoke_origin (test_paper_bn.PaperBNTests.test_full_without_registration_does_not_create_output_and_smoke_requires_smoke_origin) ... ok
test_invalid_inputs_and_nontrain_or_dropout_are_rejected_without_touching_original (test_paper_bn.PaperBNTests.test_invalid_inputs_and_nontrain_or_dropout_are_rejected_without_touching_original) ... ok
test_one_pass_equals_direct_manual_bn_updates_with_fixed_order_and_crops (test_paper_bn.PaperBNTests.test_one_pass_equals_direct_manual_bn_updates_with_fixed_order_and_crops) ... ok
test_only_bn_buffers_change_original_modes_gradients_and_parameters_preserved (test_paper_bn.PaperBNTests.test_only_bn_buffers_change_original_modes_gradients_and_parameters_preserved) ... ok
test_real_runner_smoke_never_classifies_test_and_reload_checks_artifacts (test_paper_bn.PaperBNTests.test_real_runner_smoke_never_classifies_test_and_reload_checks_artifacts) ... ok
test_registration_rejects_arbitrary_claimed_acceptance_without_real_artifacts (test_paper_bn.PaperBNTests.test_registration_rejects_arbitrary_claimed_acceptance_without_real_artifacts) ... ok
test_rejects_checkpoint_metadata_and_learning_parameter_changes_even_with_new_file_hash (test_paper_bn.PaperBNTests.test_rejects_checkpoint_metadata_and_learning_parameter_changes_even_with_new_file_hash) ... ok
test_success_marker_removal_failure_cannot_leave_loadable_success (test_paper_bn.PaperBNTests.test_success_marker_removal_failure_cannot_leave_loadable_success) ... ok
test_actual_proof_cannot_prune_origin_sources_or_input_identity_chain (test_paper_bn_acceptance.BNAcceptanceTests.test_actual_proof_cannot_prune_origin_sources_or_input_identity_chain) ... ok
test_claim_only_cpu_cuda_and_migration_proofs_cannot_authorize_registration (test_paper_bn_acceptance.BNAcceptanceTests.test_claim_only_cpu_cuda_and_migration_proofs_cannot_authorize_registration) ... ok
test_failed_and_running_acceptance_evidence_is_refused_before_proof_validation (test_paper_bn_acceptance.BNAcceptanceTests.test_failed_and_running_acceptance_evidence_is_refused_before_proof_validation) ... ok
test_existing_output_cannot_be_overwritten (test_paper_bn_verification.BNVerifierAPITests.test_existing_output_cannot_be_overwritten) ... ok
test_failure_and_running_markers_are_refused_before_load (test_paper_bn_verification.BNVerifierAPITests.test_failure_and_running_markers_are_refused_before_load) ... ok
test_output_and_run_must_be_root_contained (test_paper_bn_verification.BNVerifierAPITests.test_output_and_run_must_be_root_contained) ... ok
test_public_api_is_present (test_paper_bn_verification.BNVerifierAPITests.test_public_api_is_present) ... ok
test_same_behavior_replaced_calibration_function_cannot_provide_evidence (test_paper_bn_verification.BNVerifierAPITests.test_same_behavior_replaced_calibration_function_cannot_provide_evidence) ... ok
test_verifier_source_changed_after_import_cannot_be_claimed_as_executed (test_paper_bn_verification.BNVerifierAPITests.test_verifier_source_changed_after_import_cannot_be_claimed_as_executed) ... ok
test_atomic_publication_never_overwrites_concurrently_created_output (test_paper_bn_verification.BNVerifierIntegrationTests.test_atomic_publication_never_overwrites_concurrently_created_output) ... ok
test_checkpoint_boolean_substitutes_for_integer_metadata_are_rejected (test_paper_bn_verification.BNVerifierIntegrationTests.test_checkpoint_boolean_substitutes_for_integer_metadata_are_rejected) ... ok
test_cli_real_smoke_and_no_test_option (test_paper_bn_verification.BNVerifierIntegrationTests.test_cli_real_smoke_and_no_test_option) ... ok
test_determinism_is_configured_before_either_checkpoint_is_loaded (test_paper_bn_verification.BNVerifierIntegrationTests.test_determinism_is_configured_before_either_checkpoint_is_loaded) ... ok
test_forged_file_hash_cannot_hide_learned_parameter_or_bn_buffer_changes (test_paper_bn_verification.BNVerifierIntegrationTests.test_forged_file_hash_cannot_hide_learned_parameter_or_bn_buffer_changes) ... ok
test_marker_or_artifact_change_during_final_hash_check_blocks_publication (test_paper_bn_verification.BNVerifierIntegrationTests.test_marker_or_artifact_change_during_final_hash_check_blocks_publication) ... ok
test_original_checkpoint_schema_boolean_is_rejected_even_with_forged_origin_hashes (test_paper_bn_verification.BNVerifierIntegrationTests.test_original_checkpoint_schema_boolean_is_rejected_even_with_forged_origin_hashes) ... ok
test_output_inside_either_run_is_rejected (test_paper_bn_verification.BNVerifierIntegrationTests.test_output_inside_either_run_is_rejected) ... ok
test_per_class_group_and_baseline_metrics_are_recomputed (test_paper_bn_verification.BNVerifierIntegrationTests.test_per_class_group_and_baseline_metrics_are_recomputed) ... ok
test_real_cpu_checkpoint_and_both_split_predictions_are_verified_independently (test_paper_bn_verification.BNVerifierIntegrationTests.test_real_cpu_checkpoint_and_both_split_predictions_are_verified_independently) ... ok
test_real_cuda_replay_and_cuda_checkpoint_cpu_migration (test_paper_bn_verification.BNVerifierIntegrationTests.test_real_cuda_replay_and_cuda_checkpoint_cpu_migration) ... ok
test_report_environment_must_record_one_thread (test_paper_bn_verification.BNVerifierIntegrationTests.test_report_environment_must_record_one_thread) ... ok
test_report_rejects_missing_hashes_wrong_origin_configuration_and_false_calibration (test_paper_bn_verification.BNVerifierIntegrationTests.test_report_rejects_missing_hashes_wrong_origin_configuration_and_false_calibration) ... ok
test_rows_csv_order_labels_identity_and_predictions_are_checked_even_with_forged_hashes (test_paper_bn_verification.BNVerifierIntegrationTests.test_rows_csv_order_labels_identity_and_predictions_are_checked_even_with_forged_hashes) ... ok
test_same_behavior_patched_loaded_model_and_verifier_helpers_are_rejected (test_paper_bn_verification.BNVerifierIntegrationTests.test_same_behavior_patched_loaded_model_and_verifier_helpers_are_rejected) ... ok
test_batch_counter_is_exact_even_across_devices (test_paper_bn_verification.IndependentCalibrationTests.test_batch_counter_is_exact_even_across_devices) ... ok
test_bn_affine_parameter_changes_are_rejected (test_paper_bn_verification.IndependentCalibrationTests.test_bn_affine_parameter_changes_are_rejected) ... ok
test_manifest_order_tail_is_retained_and_batches_have_equal_weight (test_paper_bn_verification.IndependentCalibrationTests.test_manifest_order_tail_is_retained_and_batches_have_equal_weight) ... ok
test_manual_training_crops_normalization_and_original_state (test_paper_bn_verification.IndependentCalibrationTests.test_manual_training_crops_normalization_and_original_state) ... ok
test_nonfinite_inputs_are_rejected (test_paper_bn_verification.IndependentCalibrationTests.test_nonfinite_inputs_are_rejected) ... ok
test_same_device_requires_exact_buffers_but_cross_device_is_bounded (test_paper_bn_verification.IndependentCalibrationTests.test_same_device_requires_exact_buffers_but_cross_device_is_bounded) ... ok
test_registry_complete_sources_and_file_anchor_coverage_required (test_paper_bn_verification.RegistrationIdentityTests.test_registry_complete_sources_and_file_anchor_coverage_required) ... ok
test_registry_config_boolean_alias_is_rejected (test_paper_bn_verification.RegistrationIdentityTests.test_registry_config_boolean_alias_is_rejected) ... ok
test_registry_must_explicitly_seal_test_classification (test_paper_bn_verification.RegistrationIdentityTests.test_registry_must_explicitly_seal_test_classification) ... ok
test_registry_requires_all_three_complete_run_entries (test_paper_bn_verification.RegistrationIdentityTests.test_registry_requires_all_three_complete_run_entries) ... ok
test_clone_preserves_original_bn_parameters_gradients_buffers_and_modes (test_paper_crops.PaperCropsTests.test_clone_preserves_original_bn_parameters_gradients_buffers_and_modes) ... ok
test_crop_order_partitions_and_duplicate_ids_are_invariant (test_paper_crops.PaperCropsTests.test_crop_order_partitions_and_duplicate_ids_are_invariant) ... ok
test_crops_reject_wrong_shapes_types_and_nonfinite_values (test_paper_crops.PaperCropsTests.test_crops_reject_wrong_shapes_types_and_nonfinite_values) ... ok
test_epoch_seed_identity_and_namespace_change_streams (test_paper_crops.PaperCropsTests.test_epoch_seed_identity_and_namespace_change_streams) ... ok
test_global_numpy_rng_is_untouched (test_paper_crops.PaperCropsTests.test_global_numpy_rng_is_untouched) ... ok
test_identity_sha256_pcg64_reference_stream (test_paper_crops.PaperCropsTests.test_identity_sha256_pcg64_reference_stream) ... ok
test_ids_must_be_a_nonempty_sequence_of_nonblank_strings (test_paper_crops.PaperCropsTests.test_ids_must_be_a_nonempty_sequence_of_nonblank_strings) ... ok
test_inference_rejects_invalid_batch_sizes_and_models (test_paper_crops.PaperCropsTests.test_inference_rejects_invalid_batch_sizes_and_models) ... ok
test_inference_rejects_invalid_input_ids_and_seeds (test_paper_crops.PaperCropsTests.test_inference_rejects_invalid_input_ids_and_seeds) ... ok
test_inference_rejects_invalid_normalization_and_standardization_overflow (test_paper_crops.PaperCropsTests.test_inference_rejects_invalid_normalization_and_standardization_overflow) ... ok
test_inference_rejects_nonfinite_and_malformed_logits (test_paper_crops.PaperCropsTests.test_inference_rejects_nonfinite_and_malformed_logits) ... ok
test_last_legal_crop_ends_at_point_249 (test_paper_crops.PaperCropsTests.test_last_legal_crop_ends_at_point_249) ... ok
test_namespace_and_epoch_contract_rejects_test (test_paper_crops.PaperCropsTests.test_namespace_and_epoch_contract_rejects_test) ... ok
test_nonfinite_model_parameters_are_rejected_without_mutation (test_paper_crops.PaperCropsTests.test_nonfinite_model_parameters_are_rejected_without_mutation) ... ok
test_probability_order_partition_and_inference_batch_size_are_invariant (test_paper_crops.PaperCropsTests.test_probability_order_partition_and_inference_batch_size_are_invariant) ... ok
test_process_hash_seed_does_not_change_starts (test_paper_crops.PaperCropsTests.test_process_hash_seed_does_not_change_starts) ... ok
test_starts_cover_both_endpoints_and_have_integer_shapes (test_paper_crops.PaperCropsTests.test_starts_cover_both_endpoints_and_have_integer_shapes) ... ok
test_ten_crop_probabilities_match_hand_calculation_not_logit_mean (test_paper_crops.PaperCropsTests.test_ten_crop_probabilities_match_hand_calculation_not_logit_mean) ... ok
test_ten_random_crops_allow_repetition_and_are_not_sorted (test_paper_crops.PaperCropsTests.test_ten_random_crops_allow_repetition_and_are_not_sorted) ... ok
test_training_crops_copy_exact_slices (test_paper_crops.PaperCropsTests.test_training_crops_copy_exact_slices) ... ok
test_uint32_seed_bounds_and_numpy_integer_parameters (test_paper_crops.PaperCropsTests.test_uint32_seed_bounds_and_numpy_integer_parameters) ... ok
test_validation_crops_copy_exact_ten_slices (test_paper_crops.PaperCropsTests.test_validation_crops_copy_exact_ten_slices) ... ok
test_cli_help (test_paper_dc_ac_bn.PaperDCACBNTests.test_cli_help) ... ok
test_edited_imported_sidecar_or_cli_cannot_be_claimed_as_executed_source (test_paper_dc_ac_bn.PaperDCACBNTests.test_edited_imported_sidecar_or_cli_cannot_be_claimed_as_executed_source) ... ok
test_failed_success_marker_removal_remains_unloadable (test_paper_dc_ac_bn.PaperDCACBNTests.test_failed_success_marker_removal_remains_unloadable) ... ok
test_failure_is_marked_and_no_complete_report_remains (test_paper_dc_ac_bn.PaperDCACBNTests.test_failure_is_marked_and_no_complete_report_remains) ... ok
test_fixed_protocol_and_configuration (test_paper_dc_ac_bn.PaperDCACBNTests.test_fixed_protocol_and_configuration) ... ok
test_full250_transform_precedes_crop_and_tail64_uses_batch_cma (test_paper_dc_ac_bn.PaperDCACBNTests.test_full250_transform_precedes_crop_and_tail64_uses_batch_cma) ... ok
test_full_origin_requires_main_registry_binding_fixed_bn_and_sources (test_paper_dc_ac_bn.PaperDCACBNTests.test_full_origin_requires_main_registry_binding_fixed_bn_and_sources) ... ok
test_loader_rejects_changed_rows_normalization_or_state_dtype (test_paper_dc_ac_bn.PaperDCACBNTests.test_loader_rejects_changed_rows_normalization_or_state_dtype) ... ok
test_loader_rejects_origin_drift_and_running_or_failure_markers (test_paper_dc_ac_bn.PaperDCACBNTests.test_loader_rejects_origin_drift_and_running_or_failure_markers) ... ok
test_loader_rejects_semantic_tamper_even_with_rehashed_artifacts (test_paper_dc_ac_bn.PaperDCACBNTests.test_loader_rejects_semantic_tamper_even_with_rehashed_artifacts) ... ok
test_nontrain_invalid_inputs_untracked_bn_and_dropout_are_rejected (test_paper_dc_ac_bn.PaperDCACBNTests.test_nontrain_invalid_inputs_untracked_bn_and_dropout_are_rejected) ... ok
test_original_modes_gradients_state_and_stats_are_preserved (test_paper_dc_ac_bn.PaperDCACBNTests.test_original_modes_gradients_state_and_stats_are_preserved) ... ok
test_real_cuda_manual_tail_cma_and_cpu_state_portability (test_paper_dc_ac_bn.PaperDCACBNTests.test_real_cuda_manual_tail_cma_and_cpu_state_portability) ... ok
test_real_cuda_origin_bn_run_and_cpu_migration (test_paper_dc_ac_bn.PaperDCACBNTests.test_real_cuda_origin_bn_run_and_cpu_migration) ... ok
test_real_two_class_smoke_preserves_history_selection_and_normalization (test_paper_dc_ac_bn.PaperDCACBNTests.test_real_two_class_smoke_preserves_history_selection_and_normalization) ... ok
test_source_drift_during_intervention_invalidates_completion (test_paper_dc_ac_bn.PaperDCACBNTests.test_source_drift_during_intervention_invalidates_completion) ... ok
test_state_comparison_rejects_learned_and_non_bn_changes (test_paper_dc_ac_bn.PaperDCACBNTests.test_state_comparison_rejects_learned_and_non_bn_changes) ... ok
test_four_cell_summary_preserves_negative_results_and_predictions (test_paper_dc_ac_controller.DcAcControllerTests.test_four_cell_summary_preserves_negative_results_and_predictions) ... ok
test_relaunch_or_existing_outputs_refused_before_lock (test_paper_dc_ac_controller.DcAcControllerTests.test_relaunch_or_existing_outputs_refused_before_lock) ... ok
test_source_guard_failure_cleans_lock_and_records_failure (test_paper_dc_ac_controller.DcAcControllerTests.test_source_guard_failure_cleans_lock_and_records_failure) ... ok
test_three_full_seeds_then_fixed_bn_with_each_independent_proof (test_paper_dc_ac_controller.DcAcControllerTests.test_three_full_seeds_then_fixed_bn_with_each_independent_proof) ... ok
test_baseline_dataset_identity_cannot_change_with_same_counts (test_paper_dc_ac_registration.DcAcRegistrationTests.test_baseline_dataset_identity_cannot_change_with_same_counts) ... ok
test_evidence_rejects_nested_failure (test_paper_dc_ac_registration.DcAcRegistrationTests.test_evidence_rejects_nested_failure) ... ok
test_full_regression_needs_completed_test_count_and_actual_log (test_paper_dc_ac_registration.DcAcRegistrationTests.test_full_regression_needs_completed_test_count_and_actual_log) ... ok
test_no_flags_only_acceptance_or_overwrite (test_paper_dc_ac_registration.DcAcRegistrationTests.test_no_flags_only_acceptance_or_overwrite) ... ok
test_proof_chain_cannot_drop_inputs (test_paper_dc_ac_registration.DcAcRegistrationTests.test_proof_chain_cannot_drop_inputs) ... ok
test_stripped_independent_flags_or_file_chain_are_not_accepted (test_paper_dc_ac_registration.DcAcRegistrationTests.test_stripped_independent_flags_or_file_chain_are_not_accepted) ... ok
test_training_must_match_frozen_registry (test_paper_dc_ac_registration.DcAcRegistrationTests.test_training_must_match_frozen_registry) ... ok
test_actual_training_crops_receive_full250_transformation (test_paper_dc_ac_training.DcAcTrainingTests.test_actual_training_crops_receive_full250_transformation) ... ok
test_config_factors_fixed_and_full_requires_registration (test_paper_dc_ac_training.DcAcTrainingTests.test_config_factors_fixed_and_full_requires_registration) ... ok
test_train_full_transform_independent_stats_and_reload (test_paper_dc_ac_training.DcAcTrainingTests.test_train_full_transform_independent_stats_and_reload) ... ok
test_training_initialization_matches_original_and_schedule_is_literal (test_paper_dc_ac_training.DcAcTrainingTests.test_training_initialization_matches_original_and_schedule_is_literal) ... ok
test_acceptance_proof_rejects_pruned_flags_and_evidence (test_paper_dc_ac_verification.BNVerificationTests.test_acceptance_proof_rejects_pruned_flags_and_evidence) ... ok
test_bn_api_and_dispatch_replay_exact_buffers (test_paper_dc_ac_verification.BNVerificationTests.test_bn_api_and_dispatch_replay_exact_buffers) ... ok
test_bn_calibration_fixed_protocol_and_origin_tampering (test_paper_dc_ac_verification.BNVerificationTests.test_bn_calibration_fixed_protocol_and_origin_tampering) ... ok
test_bn_counter_buffer_change_rejected_after_rehash (test_paper_dc_ac_verification.BNVerificationTests.test_bn_counter_buffer_change_rejected_after_rehash) ... ok
test_bn_origin_failure_blocks_verification (test_paper_dc_ac_verification.BNVerificationTests.test_bn_origin_failure_blocks_verification) ... ok
test_bn_parameter_change_rejected_after_rehash (test_paper_dc_ac_verification.BNVerificationTests.test_bn_parameter_change_rejected_after_rehash) ... ok
test_checkpoint_schema_and_metadata_tampering (test_paper_dc_ac_verification.BNVerificationTests.test_checkpoint_schema_and_metadata_tampering) ... ok
test_cli_atomic_no_overwrite (test_paper_dc_ac_verification.BNVerificationTests.test_cli_atomic_no_overwrite) ... ok
test_csv_identity_and_prediction_tampering_even_with_updated_sha (test_paper_dc_ac_verification.BNVerificationTests.test_csv_identity_and_prediction_tampering_even_with_updated_sha) ... ok
test_device_change_is_explicit_and_still_exact (test_paper_dc_ac_verification.BNVerificationTests.test_device_change_is_explicit_and_still_exact) ... ok
test_failure_and_running_markers (test_paper_dc_ac_verification.BNVerificationTests.test_failure_and_running_markers) ... ok
test_failure_during_atomic_publication_never_creates_proof (test_paper_dc_ac_verification.BNVerificationTests.test_failure_during_atomic_publication_never_creates_proof) ... ok
test_metric_confusion_boolean_rejected (test_paper_dc_ac_verification.BNVerificationTests.test_metric_confusion_boolean_rejected) ... ok
test_metrics_groups_and_history_tampering (test_paper_dc_ac_verification.BNVerificationTests.test_metrics_groups_and_history_tampering) ... ok
test_normalization_provenance_and_refit_tampering (test_paper_dc_ac_verification.BNVerificationTests.test_normalization_provenance_and_refit_tampering) ... ok
test_real_cpu_exact_metrics_and_read_only (test_paper_dc_ac_verification.BNVerificationTests.test_real_cpu_exact_metrics_and_read_only) ... ok
test_report_contract_tampering (test_paper_dc_ac_verification.BNVerificationTests.test_report_contract_tampering) ... ok
test_runtime_model_forward_poison_rejected (test_paper_dc_ac_verification.BNVerificationTests.test_runtime_model_forward_poison_rejected) ... ok
test_selected_checkpoint_bn_history_tamper_rejected (test_paper_dc_ac_verification.BNVerificationTests.test_selected_checkpoint_bn_history_tamper_rejected) ... ok
test_source_and_artifact_checksum_tampering (test_paper_dc_ac_verification.BNVerificationTests.test_source_and_artifact_checksum_tampering) ... ok
test_transform_optimizer_and_initial_update_metadata_tampering (test_paper_dc_ac_verification.BNVerificationTests.test_transform_optimizer_and_initial_update_metadata_tampering) ... ok
test_actual_cuda_training_bn_and_cpu_migration (test_paper_dc_ac_verification.CUDAInteropTests.test_actual_cuda_training_bn_and_cpu_migration) ... ok
test_full250_required_and_invalid_values_rejected (test_paper_dc_ac_verification.IndependentStatisticsTests.test_full250_required_and_invalid_values_rejected) ... ok
test_full_train_population_and_ac_power_are_hand_calculated (test_paper_dc_ac_verification.IndependentStatisticsTests.test_full_train_population_and_ac_power_are_hand_calculated) ... ok
test_inference_uses_full250_dc_before_manual_crops (test_paper_dc_ac_verification.IndependentStatisticsTests.test_inference_uses_full250_dc_before_manual_crops) ... ok
test_initial_hash_binds_name_shape_dtype_and_bytes (test_paper_dc_ac_verification.IndependentStatisticsTests.test_initial_hash_binds_name_shape_dtype_and_bytes) ... ok
test_statistics_schema_tamper_rejected (test_paper_dc_ac_verification.IndependentStatisticsTests.test_statistics_schema_tamper_rejected) ... ok
test_transform_preserves_relative_ac_and_dc (test_paper_dc_ac_verification.IndependentStatisticsTests.test_transform_preserves_relative_ac_and_dc) ... ok
test_verify_run_api_available (test_paper_dc_ac_verification.IndependentStatisticsTests.test_verify_run_api_available) ... ok
test_zero_scales_use_explicit_floor (test_paper_dc_ac_verification.IndependentStatisticsTests.test_zero_scales_use_explicit_floor) ... ok
test_acceptance_proof_rejects_pruned_flags_and_evidence (test_paper_dc_ac_verification.RunVerificationTests.test_acceptance_proof_rejects_pruned_flags_and_evidence) ... ok
test_checkpoint_schema_and_metadata_tampering (test_paper_dc_ac_verification.RunVerificationTests.test_checkpoint_schema_and_metadata_tampering) ... ok
test_cli_atomic_no_overwrite (test_paper_dc_ac_verification.RunVerificationTests.test_cli_atomic_no_overwrite) ... ok
test_csv_identity_and_prediction_tampering_even_with_updated_sha (test_paper_dc_ac_verification.RunVerificationTests.test_csv_identity_and_prediction_tampering_even_with_updated_sha) ... ok
test_device_change_is_explicit_and_still_exact (test_paper_dc_ac_verification.RunVerificationTests.test_device_change_is_explicit_and_still_exact) ... ok
test_failure_and_running_markers (test_paper_dc_ac_verification.RunVerificationTests.test_failure_and_running_markers) ... ok
test_failure_during_atomic_publication_never_creates_proof (test_paper_dc_ac_verification.RunVerificationTests.test_failure_during_atomic_publication_never_creates_proof) ... ok
test_metric_confusion_boolean_rejected (test_paper_dc_ac_verification.RunVerificationTests.test_metric_confusion_boolean_rejected) ... ok
test_metrics_groups_and_history_tampering (test_paper_dc_ac_verification.RunVerificationTests.test_metrics_groups_and_history_tampering) ... ok
test_normalization_provenance_and_refit_tampering (test_paper_dc_ac_verification.RunVerificationTests.test_normalization_provenance_and_refit_tampering) ... ok
test_real_cpu_exact_metrics_and_read_only (test_paper_dc_ac_verification.RunVerificationTests.test_real_cpu_exact_metrics_and_read_only) ... ok
test_report_contract_tampering (test_paper_dc_ac_verification.RunVerificationTests.test_report_contract_tampering) ... ok
test_runtime_model_forward_poison_rejected (test_paper_dc_ac_verification.RunVerificationTests.test_runtime_model_forward_poison_rejected) ... ok
test_selected_checkpoint_bn_history_tamper_rejected (test_paper_dc_ac_verification.RunVerificationTests.test_selected_checkpoint_bn_history_tamper_rejected) ... ok
test_source_and_artifact_checksum_tampering (test_paper_dc_ac_verification.RunVerificationTests.test_source_and_artifact_checksum_tampering) ... ok
test_transform_optimizer_and_initial_update_metadata_tampering (test_paper_dc_ac_verification.RunVerificationTests.test_transform_optimizer_and_initial_update_metadata_tampering) ... ok
test_capped_smoke_still_fits_all_clean_training_rows (test_paper_dc_ac_verification.WholeTrainSmokeTests.test_capped_smoke_still_fits_all_clean_training_rows) ... ok
test_bias_xavier_bounds_and_batch_norm_initialization (test_paper_models.PaperModelTests.test_bias_xavier_bounds_and_batch_norm_initialization) ... ok
test_blueprint_channels_groups_strides_and_preactivation_order (test_paper_models.PaperModelTests.test_blueprint_channels_groups_strides_and_preactivation_order) ... ok
test_cpu_gradients_and_optimizer_update_main_and_shortcut_weights (test_paper_models.PaperModelTests.test_cpu_gradients_and_optimizer_update_main_and_shortcut_weights) ... ok
test_cpu_state_roundtrip_after_real_training (test_paper_models.PaperModelTests.test_cpu_state_roundtrip_after_real_training) ... ok
test_default_interface_and_parameter_counts (test_paper_models.PaperModelTests.test_default_interface_and_parameter_counts) ... ok
test_forward_returns_float32_unbounded_logits (test_paper_models.PaperModelTests.test_forward_returns_float32_unbounded_logits) ... ok
test_invalid_blocks_per_stage_is_rejected (test_paper_models.PaperModelTests.test_invalid_blocks_per_stage_is_rejected) ... ok
test_invalid_class_count_is_rejected (test_paper_models.PaperModelTests.test_invalid_class_count_is_rejected) ... ok
test_invalid_input_shapes_are_rejected (test_paper_models.PaperModelTests.test_invalid_input_shapes_are_rejected) ... ok
test_non_float32_inputs_are_rejected (test_paper_models.PaperModelTests.test_non_float32_inputs_are_rejected) ... ok
test_non_tensor_inputs_are_rejected (test_paper_models.PaperModelTests.test_non_tensor_inputs_are_rejected) ... ok
test_nonfinite_inputs_rejected_before_batch_norm_state_changes (test_paper_models.PaperModelTests.test_nonfinite_inputs_rejected_before_batch_norm_state_changes) ... ok
test_projection_stride_two_samples_raw_even_positions (test_paper_models.PaperModelTests.test_projection_stride_two_samples_raw_even_positions) ... ok
test_residual_addition_preserves_negative_identity_and_projection (test_paper_models.PaperModelTests.test_residual_addition_preserves_negative_identity_and_projection) ... ok
test_runtime_main_layer_order_and_raw_input_projection (test_paper_models.PaperModelTests.test_runtime_main_layer_order_and_raw_input_projection) ... ok
test_same_group_conv_stride_two_hand_computed_even_and_odd (test_paper_models.PaperModelTests.test_same_group_conv_stride_two_hand_computed_even_and_odd) ... ok
test_same_pool_hand_computed_negative_boundary_values (test_paper_models.PaperModelTests.test_same_pool_hand_computed_negative_boundary_values) ... ok
test_same_stem_conv_hand_computed_boundary_alignment (test_paper_models.PaperModelTests.test_same_stem_conv_hand_computed_boundary_alignment) ... ok
test_stem_and_stage_dimensions (test_paper_models.PaperModelTests.test_stem_and_stage_dimensions) ... ok
test_acceptance_artifact_path_cannot_escape_root (test_paper_registration.PaperRegistrationTests.test_acceptance_artifact_path_cannot_escape_root) ... ok
test_acceptance_omitted_source_or_wrong_source_hash_is_rejected (test_paper_registration.PaperRegistrationTests.test_acceptance_omitted_source_or_wrong_source_hash_is_rejected) ... ok
test_acceptance_requires_exact_checks_complete_code_and_all_artifacts (test_paper_registration.PaperRegistrationTests.test_acceptance_requires_exact_checks_complete_code_and_all_artifacts) ... ok
test_active_training_output_marker_is_allowed_but_failure_is_rejected (test_paper_registration.PaperRegistrationTests.test_active_training_output_marker_is_allowed_but_failure_is_rejected) ... ok
test_artifact_corruption_and_missing_artifacts_rejected (test_paper_registration.PaperRegistrationTests.test_artifact_corruption_and_missing_artifacts_rejected) ... ok
test_cache_identity_rejected_even_for_identical_copy (test_paper_registration.PaperRegistrationTests.test_cache_identity_rejected_even_for_identical_copy) ... ok
test_claim_is_marked_running_and_success_registry_is_last_without_marker (test_paper_registration.PaperRegistrationTests.test_claim_is_marked_running_and_success_registry_is_last_without_marker) ... ok
test_cli_help_runs_without_training (test_paper_registration.PaperRegistrationTests.test_cli_help_runs_without_training) ... ok
test_failed_acceptance_artifact_owner_rejected_even_with_valid_sha (test_paper_registration.PaperRegistrationTests.test_failed_acceptance_artifact_owner_rejected_even_with_valid_sha) ... ok
test_independent_metric_rounding_uses_declared_tolerance (test_paper_registration.PaperRegistrationTests.test_independent_metric_rounding_uses_declared_tolerance) ... ok
test_lost_atomic_directory_claim_preserves_winner_and_does_not_mark_failed (test_paper_registration.PaperRegistrationTests.test_lost_atomic_directory_claim_preserves_winner_and_does_not_mark_failed) ... ok
test_metadata_stays_equal_after_mutable_training_report_and_progress_appear (test_paper_registration.PaperRegistrationTests.test_metadata_stays_equal_after_mutable_training_report_and_progress_appear) ... ok
test_module_exposes_independent_registration_interface (test_paper_registration.PaperRegistrationTests.test_module_exposes_independent_registration_interface) ... ok
test_original_config_and_design_cannot_be_replaced (test_paper_registration.PaperRegistrationTests.test_original_config_and_design_cannot_be_replaced) ... ok
test_paths_outside_root_and_run_path_tampering_rejected (test_paper_registration.PaperRegistrationTests.test_paths_outside_root_and_run_path_tampering_rejected) ... ok
test_publication_failure_writes_marker_before_cleanup_even_if_cleanup_fails (test_paper_registration.PaperRegistrationTests.test_publication_failure_writes_marker_before_cleanup_even_if_cleanup_fails) ... ok
test_registration_calls_runner_import_identity_guard_before_hashing (test_paper_registration.PaperRegistrationTests.test_registration_calls_runner_import_identity_guard_before_hashing) ... ok
test_registration_freezes_three_exact_configs_and_validation_is_read_only (test_paper_registration.PaperRegistrationTests.test_registration_freezes_three_exact_configs_and_validation_is_read_only) ... ok
test_registration_under_failed_parent_is_rejected_before_claim (test_paper_registration.PaperRegistrationTests.test_registration_under_failed_parent_is_rejected_before_claim) ... ok
test_registry_incomplete_hash_tables_and_mixed_failure_are_rejected (test_paper_registration.PaperRegistrationTests.test_registry_incomplete_hash_tables_and_mixed_failure_are_rejected) ... ok
test_registry_paths_cannot_redirect_run_config_or_output_within_root (test_paper_registration.PaperRegistrationTests.test_registry_paths_cannot_redirect_run_config_or_output_within_root) ... ok
test_root_shadow_sources_never_substitute_for_executed_code (test_paper_registration.PaperRegistrationTests.test_root_shadow_sources_never_substitute_for_executed_code) ... ok
test_running_registration_or_acceptance_owner_cannot_authorize_training (test_paper_registration.PaperRegistrationTests.test_running_registration_or_acceptance_owner_cannot_authorize_training) ... ok
test_smoke_proof_semantics_and_bound_verifier_source_are_required (test_paper_registration.PaperRegistrationTests.test_smoke_proof_semantics_and_bound_verifier_source_are_required) ... ok
test_unrelated_artifact_and_boolean_checks_cannot_replace_real_runner_evidence (test_paper_registration.PaperRegistrationTests.test_unrelated_artifact_and_boolean_checks_cannot_replace_real_runner_evidence) ... ok
test_validation_rechecks_acceptance_artifacts_components_cache_and_raw (test_paper_registration.PaperRegistrationTests.test_validation_rechecks_acceptance_artifacts_components_cache_and_raw) ... ok
test_validation_rechecks_all_execution_sources_after_registration (test_paper_registration.PaperRegistrationTests.test_validation_rechecks_all_execution_sources_after_registration) ... ok
test_validation_rejects_config_seed_output_cache_and_config_file_tampering (test_paper_registration.PaperRegistrationTests.test_validation_rejects_config_seed_output_cache_and_config_file_tampering) ... ok
test_dependency_imported_before_runner_cannot_hide_edited_disk_source (test_paper_training.PaperTrainingTests.test_dependency_imported_before_runner_cannot_hide_edited_disk_source) ... ok
test_execution_registration_is_rechecked_before_success_publication (test_paper_training.PaperTrainingTests.test_execution_registration_is_rechecked_before_success_publication) ... ok
test_failed_final_progress_and_unwritable_failure_marker_never_load_success (test_paper_training.PaperTrainingTests.test_failed_final_progress_and_unwritable_failure_marker_never_load_success) ... ok
test_interval_records_all_epochs_without_early_stop (test_paper_training.PaperTrainingTests.test_interval_records_all_epochs_without_early_stop) ... ok
test_invalid_config_and_full_run_without_registry_do_not_claim (test_paper_training.PaperTrainingTests.test_invalid_config_and_full_run_without_registry_do_not_claim) ... ok
test_manifest_labels_and_failure_marker_and_directory_ownership (test_paper_training.PaperTrainingTests.test_manifest_labels_and_failure_marker_and_directory_ownership) ... ok
test_original_lr_milestones_are_not_rescaled_and_selection_uses_accuracy (test_paper_training.PaperTrainingTests.test_original_lr_milestones_are_not_rescaled_and_selection_uses_accuracy) ... ok
test_real_cpu_training_seals_test_preserves_crop_identity_and_reloads (test_paper_training.PaperTrainingTests.test_real_cpu_training_seals_test_preserves_crop_identity_and_reloads) ... ok
test_real_cuda_training_and_cpu_reload (test_paper_training.PaperTrainingTests.test_real_cuda_training_and_cpu_reload) ... ok
test_rejects_weight_metadata_source_and_success_failure_mixtures (test_paper_training.PaperTrainingTests.test_rejects_weight_metadata_source_and_success_failure_mixtures) ... ok
test_source_edited_after_import_cannot_be_reported_as_executed (test_paper_training.PaperTrainingTests.test_source_edited_after_import_cannot_be_reported_as_executed) ... ok
test_warm_dependency_default_arguments_match_recorded_source (test_paper_training.PaperTrainingTests.test_warm_dependency_default_arguments_match_recorded_source) ... ok
test_existing_cache_is_not_overwritten (test_prepare.PrepareTests.test_existing_cache_is_not_overwritten) ... ok
test_missing_required_checksums_are_rejected (test_prepare.PrepareTests.test_missing_required_checksums_are_rejected) ... ok
test_only_training_signals_determine_stats_and_cache_keeps_order (test_prepare.PrepareTests.test_only_training_signals_determine_stats_and_cache_keeps_order) ... ok
test_partial_mapping_creation_failure_closes_files_and_cleans_stage (test_prepare.PrepareTests.test_partial_mapping_creation_failure_closes_files_and_cleans_stage) ... ok
test_prepared_reader_uses_train_stats_and_detects_changed_cache (test_prepare.PrepareTests.test_prepared_reader_uses_train_stats_and_detects_changed_cache) ... ok
test_reader_context_closes_all_mappings (test_prepare.PrepareTests.test_reader_context_closes_all_mappings) ... ok
test_reader_partial_open_failure_closes_already_opened_mapping (test_prepare.PrepareTests.test_reader_partial_open_failure_closes_already_opened_mapping) ... ok
test_empty_and_zero_variance_train_statistics_are_rejected (test_preprocessing.PreprocessingTests.test_empty_and_zero_variance_train_statistics_are_rejected) ... ok
test_invalid_shape_and_nonfinite_input_are_rejected (test_preprocessing.PreprocessingTests.test_invalid_shape_and_nonfinite_input_are_rejected) ... ok
test_keeps_low_frequency_and_suppresses_aliasing (test_preprocessing.PreprocessingTests.test_keeps_low_frequency_and_suppresses_aliasing) ... ok
test_preserves_dc_channels_and_does_not_mutate_input (test_preprocessing.PreprocessingTests.test_preserves_dc_channels_and_does_not_mutate_input) ... ok
test_stable_channel_stats_do_not_depend_on_batch_partition (test_preprocessing.PreprocessingTests.test_stable_channel_stats_do_not_depend_on_batch_partition) ... ok
test_standardize_uses_supplied_train_statistics (test_preprocessing.PreprocessingTests.test_standardize_uses_supplied_train_statistics) ... ok
test_changed_cache_is_rejected_and_failure_recorded (test_similarity.SimilarityCLITests.test_changed_cache_is_rejected_and_failure_recorded) ... ok
test_cli_is_cwd_independent_traces_candidates_and_never_opens_test_signal (test_similarity.SimilarityCLITests.test_cli_is_cwd_independent_traces_candidates_and_never_opens_test_signal) ... ok
test_default_output_is_named_reference_then_query (test_similarity.SimilarityCLITests.test_default_output_is_named_reference_then_query) ... ok
test_invalid_split_pairs_are_rejected_before_creating_output (test_similarity.SimilarityCLITests.test_invalid_split_pairs_are_rejected_before_creating_output) ... ok
test_json_uses_explicit_lf_under_windows_default_translation (test_similarity.SimilarityCLITests.test_json_uses_explicit_lf_under_windows_default_translation) ... ok
test_manifest_identity_is_bound_to_summary_and_labels_match_selected_rows (test_similarity.SimilarityCLITests.test_manifest_identity_is_bound_to_summary_and_labels_match_selected_rows) ... ok
test_plot_uses_selected_split_titles_and_labels (test_similarity.SimilarityCLITests.test_plot_uses_selected_split_titles_and_labels) ... ok
test_selected_cache_and_manifest_tampering_are_rejected (test_similarity.SimilarityCLITests.test_selected_cache_and_manifest_tampering_are_rejected) ... ok
test_test_queries_use_only_selected_signals_and_trace_selected_identities (test_similarity.SimilarityCLITests.test_test_queries_use_only_selected_signals_and_trace_selected_identities) ... ok
test_test_zero_ac_rows_keep_selected_split_identity (test_similarity.SimilarityCLITests.test_test_zero_ac_rows_keep_selected_split_identity) ... ok
test_unselected_entries_are_still_required_in_full_checksum_table (test_similarity.SimilarityCLITests.test_unselected_entries_are_still_required_in_full_checksum_table) ... ok
test_zero_ac_report_has_null_quantiles_and_no_figure (test_similarity.SimilarityCLITests.test_zero_ac_report_has_null_quantiles_and_no_figure) ... ok
test_block_invariance_and_smallest_index_ties_against_exhaustive_oracle (test_similarity.SimilarityTests.test_block_invariance_and_smallest_index_ties_against_exhaustive_oracle) ... ok
test_copies_and_relative_raw_distance (test_similarity.SimilarityTests.test_copies_and_relative_raw_distance) ... ok
test_inclusive_threshold_counts_all_pairs_with_direct_distance (test_similarity.SimilarityTests.test_inclusive_threshold_counts_all_pairs_with_direct_distance) ... ok
test_invalid_inputs_and_options_are_rejected (test_similarity.SimilarityTests.test_invalid_inputs_and_options_are_rejected) ... ok
test_large_dc_small_difference_uses_actual_difference_and_stable_mean (test_similarity.SimilarityTests.test_large_dc_small_difference_uses_actual_difference_and_stable_mean) ... ok
test_offset_and_joint_positive_scale_preserve_shape (test_similarity.SimilarityTests.test_offset_and_joint_positive_scale_preserve_shape) ... ok
test_shape_does_not_allow_sign_shift_or_separate_channel_scale (test_similarity.SimilarityTests.test_shape_does_not_allow_sign_shift_or_separate_channel_scale) ... ok
test_shape_near_ties_are_recomputed_instead_of_rounded_to_zero (test_similarity.SimilarityTests.test_shape_near_ties_are_recomputed_instead_of_rounded_to_zero) ... ok
test_zero_ac_is_not_applicable_and_constant_references_excluded (test_similarity.SimilarityTests.test_zero_ac_is_not_applicable_and_constant_references_excluded) ... ok
test_conflicting_class_indices_cannot_be_silently_deduplicated (test_splits.SplitTests.test_conflicting_class_indices_cannot_be_silently_deduplicated) ... ok
test_duplicates_within_group_are_kept_once_with_provenance (test_splits.SplitTests.test_duplicates_within_group_are_kept_once_with_provenance) ... ok
test_incorrect_components_cannot_allow_leaking_waveform (test_splits.SplitTests.test_incorrect_components_cannot_allow_leaking_waveform) ... ok
test_person_identity_must_match_loading_index (test_splits.SplitTests.test_person_identity_must_match_loading_index) ... ok
test_repeating_origin_is_not_counted_as_full_provenance (test_splits.SplitTests.test_repeating_origin_is_not_counted_as_full_provenance) ... ok
test_unassigned_components_cannot_drop_samples (test_splits.SplitTests.test_unassigned_components_cannot_drop_samples) ... ok
test_acceptance_artifacts_and_source_table_cannot_be_forged (test_verify_paper_run.VerifyPaperRunTests.test_acceptance_artifacts_and_source_table_cannot_be_forged) ... ok
test_all_three_config_files_are_read_even_for_seed_zero (test_verify_paper_run.VerifyPaperRunTests.test_all_three_config_files_are_read_even_for_seed_zero) ... ok
test_artifact_source_and_cache_tampering_rejected (test_verify_paper_run.VerifyPaperRunTests.test_artifact_source_and_cache_tampering_rejected) ... ok
test_cache_checksum_and_manifest_label_order_checked (test_verify_paper_run.VerifyPaperRunTests.test_cache_checksum_and_manifest_label_order_checked) ... ok
test_cli_cpu_and_invalid_split (test_verify_paper_run.VerifyPaperRunTests.test_cli_cpu_and_invalid_split) ... ok
test_controlled_full_identity_proof_hashes_every_registry_file_and_source (test_verify_paper_run.VerifyPaperRunTests.test_controlled_full_identity_proof_hashes_every_registry_file_and_source) ... ok
test_determinism_is_set_before_checkpoint_load (test_verify_paper_run.VerifyPaperRunTests.test_determinism_is_set_before_checkpoint_load) ... ok
test_full_purpose_null_or_fake_registration_rejected (test_verify_paper_run.VerifyPaperRunTests.test_full_purpose_null_or_fake_registration_rejected) ... ok
test_full_report_registration_fields_are_not_trusted (test_verify_paper_run.VerifyPaperRunTests.test_full_report_registration_fields_are_not_trusted) ... ok
test_history_and_checkpoint_metadata_are_independently_checked (test_verify_paper_run.VerifyPaperRunTests.test_history_and_checkpoint_metadata_are_independently_checked) ... ok
test_incomplete_or_failed_report_never_publishes_proof (test_verify_paper_run.VerifyPaperRunTests.test_incomplete_or_failed_report_never_publishes_proof) ... ok
test_link_commit_survives_temporary_unlink_oserror (test_verify_paper_run.VerifyPaperRunTests.test_link_commit_survives_temporary_unlink_oserror) ... ok
test_link_failure_never_publishes_even_if_temp_cleanup_fails (test_verify_paper_run.VerifyPaperRunTests.test_link_failure_never_publishes_even_if_temp_cleanup_fails) ... ok
test_literal_unicode_crop_starts_normalization_and_probability_average (test_verify_paper_run.VerifyPaperRunTests.test_literal_unicode_crop_starts_normalization_and_probability_average) ... ok
test_loaded_forward_code_must_match_hashed_source (test_verify_paper_run.VerifyPaperRunTests.test_loaded_forward_code_must_match_hashed_source) ... ok
test_loaded_keyword_defaults_are_verified (test_verify_paper_run.VerifyPaperRunTests.test_loaded_keyword_defaults_are_verified) ... ok
test_loaded_literal_defaults_are_verified_beyond_code_objects (test_verify_paper_run.VerifyPaperRunTests.test_loaded_literal_defaults_are_verified_beyond_code_objects) ... ok
test_marker_appearing_during_final_hash_check_blocks_publication (test_verify_paper_run.VerifyPaperRunTests.test_marker_appearing_during_final_hash_check_blocks_publication) ... ok
test_metrics_and_group_metrics_are_recomputed (test_verify_paper_run.VerifyPaperRunTests.test_metrics_and_group_metrics_are_recomputed) ... ok
test_numpy_metrics_include_absent_classes_and_zero_division (test_verify_paper_run.VerifyPaperRunTests.test_numpy_metrics_include_absent_classes_and_zero_division) ... ok
test_output_must_be_new_and_outside_run (test_verify_paper_run.VerifyPaperRunTests.test_output_must_be_new_and_outside_run) ... ok
test_real_cpu_both_is_independent_and_read_only (test_verify_paper_run.VerifyPaperRunTests.test_real_cpu_both_is_independent_and_read_only) ... ok
test_registry_failure_and_drift_during_inference_block_publication (test_verify_paper_run.VerifyPaperRunTests.test_registry_failure_and_drift_during_inference_block_publication) ... ok
test_resigned_registry_corruption_rejected_independently (test_verify_paper_run.VerifyPaperRunTests.test_resigned_registry_corruption_rejected_independently) ... ok
test_rows_and_csv_identity_are_verified_even_with_forged_checksums (test_verify_paper_run.VerifyPaperRunTests.test_rows_and_csv_identity_are_verified_even_with_forged_checksums) ... ok
test_running_marker_blocks_complete_report_and_publish_race (test_verify_paper_run.VerifyPaperRunTests.test_running_marker_blocks_complete_report_and_publish_race) ... ok
test_smoke_fake_real_registry_cannot_authorize_full_identity (test_verify_paper_run.VerifyPaperRunTests.test_smoke_fake_real_registry_cannot_authorize_full_identity) ... ok
test_smoke_must_have_explicit_null_registration (test_verify_paper_run.VerifyPaperRunTests.test_smoke_must_have_explicit_null_registration) ... ok
test_validation_only_never_maps_train_or_test_for_inference (test_verify_paper_run.VerifyPaperRunTests.test_validation_only_never_maps_train_or_test_for_inference) ... ok
test_verifier_api_exists (test_verify_paper_run.VerifyPaperRunTests.test_verifier_api_exists) ... ok

----------------------------------------------------------------------
Ran 400 tests in 93.524s

OK
